Component: ARM Compiler 5.06 update 7 (build 960) Tool: armlink [4d3601]

==============================================================================

Section Cross References

    startup_stm32f103xb.o(STACK) refers (Special) to heapauxi.o(.text) for __use_two_region_memory
    startup_stm32f103xb.o(HEAP) refers (Special) to heapauxi.o(.text) for __use_two_region_memory
    startup_stm32f103xb.o(RESET) refers (Special) to heapauxi.o(.text) for __use_two_region_memory
    startup_stm32f103xb.o(RESET) refers to startup_stm32f103xb.o(STACK) for __initial_sp
    startup_stm32f103xb.o(RESET) refers to startup_stm32f103xb.o(.text) for Reset_Handler
    startup_stm32f103xb.o(RESET) refers to stm32f1xx_it.o(i.NMI_Handler) for NMI_Handler
    startup_stm32f103xb.o(RESET) refers to stm32f1xx_it.o(i.HardFault_Handler) for HardFault_Handler
    startup_stm32f103xb.o(RESET) refers to stm32f1xx_it.o(i.MemManage_Handler) for MemManage_Handler
    startup_stm32f103xb.o(RESET) refers to stm32f1xx_it.o(i.BusFault_Handler) for BusFault_Handler
    startup_stm32f103xb.o(RESET) refers to stm32f1xx_it.o(i.UsageFault_Handler) for UsageFault_Handler
    startup_stm32f103xb.o(RESET) refers to stm32f1xx_it.o(i.SVC_Handler) for SVC_Handler
    startup_stm32f103xb.o(RESET) refers to stm32f1xx_it.o(i.DebugMon_Handler) for DebugMon_Handler
    startup_stm32f103xb.o(RESET) refers to stm32f1xx_it.o(i.PendSV_Handler) for PendSV_Handler
    startup_stm32f103xb.o(RESET) refers to stm32f1xx_it.o(i.SysTick_Handler) for SysTick_Handler
    startup_stm32f103xb.o(RESET) refers to stm32f1xx_it.o(i.EXTI15_10_IRQHandler) for EXTI15_10_IRQHandler
    startup_stm32f103xb.o(.text) refers (Special) to heapauxi.o(.text) for __use_two_region_memory
    startup_stm32f103xb.o(.text) refers to system_stm32f1xx.o(i.SystemInit) for SystemInit
    startup_stm32f103xb.o(.text) refers to __main.o(!!!main) for __main
    startup_stm32f103xb.o(.text) refers to startup_stm32f103xb.o(HEAP) for Heap_Mem
    startup_stm32f103xb.o(.text) refers to startup_stm32f103xb.o(STACK) for Stack_Mem
    mpu6050.o(i.MPU6050_Read_Accel) refers to stm32f1xx_hal_i2c.o(i.HAL_I2C_Mem_Read) for HAL_I2C_Mem_Read
    mpu6050.o(i.MPU6050_Read_Accel) refers to dflt_clz.o(x$fpl$dflt) for __aeabi_i2d
    mpu6050.o(i.MPU6050_Read_Accel) refers to scalbn.o(x$fpl$scalbn) for __ARM_scalbn
    mpu6050.o(i.MPU6050_Read_Accel) refers to d2f.o(x$fpl$d2f) for __aeabi_d2f
    mpu6050.o(i.MPU6050_Read_Accel) refers to main.o(.bss) for hi2c1
    mpu6050.o(i.MPU6050_Read_Accel) refers to mpu6050.o(.data) for .data
    mpu6050.o(i.MPU6050_Read_Accel_raw) refers to stm32f1xx_hal_i2c.o(i.HAL_I2C_Mem_Read) for HAL_I2C_Mem_Read
    mpu6050.o(i.MPU6050_Read_Accel_raw) refers to main.o(.bss) for hi2c1
    mpu6050.o(i.MPU6050_Read_Gyro) refers to stm32f1xx_hal_i2c.o(i.HAL_I2C_Mem_Read) for HAL_I2C_Mem_Read
    mpu6050.o(i.MPU6050_Read_Gyro) refers to dflt_clz.o(x$fpl$dflt) for __aeabi_i2d
    mpu6050.o(i.MPU6050_Read_Gyro) refers to ddiv.o(x$fpl$ddiv) for __aeabi_ddiv
    mpu6050.o(i.MPU6050_Read_Gyro) refers to d2f.o(x$fpl$d2f) for __aeabi_d2f
    mpu6050.o(i.MPU6050_Read_Gyro) refers to main.o(.bss) for hi2c1
    mpu6050.o(i.MPU6050_Read_Gyro) refers to mpu6050.o(.data) for .data
    mpu6050.o(i.MPU6050_Read_Gyro_raw) refers to stm32f1xx_hal_i2c.o(i.HAL_I2C_Mem_Read) for HAL_I2C_Mem_Read
    mpu6050.o(i.MPU6050_Read_Gyro_raw) refers to main.o(.bss) for hi2c1
    mpu6050.o(i.MPU6050_init) refers to stm32f1xx_hal_i2c.o(i.HAL_I2C_Mem_Read) for HAL_I2C_Mem_Read
    mpu6050.o(i.MPU6050_init) refers to stm32f1xx_hal_i2c.o(i.HAL_I2C_Mem_Write) for HAL_I2C_Mem_Write
    mpu6050.o(i.MPU6050_init) refers to stm32f1xx_hal.o(i.HAL_Delay) for HAL_Delay
    mpu6050.o(i.MPU6050_init) refers to main.o(.bss) for hi2c1
    main.o(i.Error_Handler) refers to main.o(i.debugPrintln) for debugPrintln
    main.o(i.Error_Handler) refers to main.o(.bss) for .bss
    main.o(i.MPU6050_Orientation) refers to f2d.o(x$fpl$f2d) for __aeabi_f2d
    main.o(i.MPU6050_Orientation) refers to pow.o(i.pow) for pow
    main.o(i.MPU6050_Orientation) refers to daddsub_clz.o(x$fpl$dadd) for __aeabi_dadd
    main.o(i.MPU6050_Orientation) refers to sqrt.o(i.sqrt) for sqrt
    main.o(i.MPU6050_Orientation) refers to ddiv.o(x$fpl$ddiv) for __aeabi_ddiv
    main.o(i.MPU6050_Orientation) refers to atan.o(i.atan) for atan
    main.o(i.MPU6050_Orientation) refers to dmul.o(x$fpl$dmul) for __aeabi_dmul
    main.o(i.MPU6050_Orientation) refers to daddsub_clz.o(x$fpl$dsub) for __aeabi_dsub
    main.o(i.MPU6050_Orientation) refers to d2f.o(x$fpl$d2f) for __aeabi_d2f
    main.o(i.MPU6050_Orientation) refers to stm32f1xx_hal.o(i.HAL_GetTick) for HAL_GetTick
    main.o(i.MPU6050_Orientation) refers to fflt_clz.o(x$fpl$ffltu) for __aeabi_ui2f
    main.o(i.MPU6050_Orientation) refers to faddsub_clz.o(x$fpl$fsub) for __aeabi_fsub
    main.o(i.MPU6050_Orientation) refers to fdiv.o(x$fpl$fdiv) for __aeabi_fdiv
[...]
    .ARM.Collect$$libshutdown$$00000002      0x08000180   Section        0  libshutdown2.o(.ARM.Collect$$libshutdown$$00000002)
    .ARM.Collect$$libshutdown$$00000004      0x08000180   Section        0  libshutdown2.o(.ARM.Collect$$libshutdown$$00000004)
    .ARM.Collect$$libshutdown$$00000006      0x08000180   Section        0  libshutdown2.o(.ARM.Collect$$libshutdown$$00000006)
    .ARM.Collect$$libshutdown$$00000009      0x08000180   Section        0  libshutdown2.o(.ARM.Collect$$libshutdown$$00000009)
    .ARM.Collect$$libshutdown$$0000000C      0x08000180   Section        0  libshutdown2.o(.ARM.Collect$$libshutdown$$0000000C)
    .ARM.Collect$$libshutdown$$0000000E      0x08000180   Section        0  libshutdown2.o(.ARM.Collect$$libshutdown$$0000000E)
    .ARM.Collect$$libshutdown$$00000011      0x08000180   Section        0  libshutdown2.o(.ARM.Collect$$libshutdown$$00000011)
    .ARM.Collect$$libshutdown$$00000012      0x08000180   Section        2  libshutdown2.o(.ARM.Collect$$libshutdown$$00000012)
    .ARM.Collect$$rtentry$$00000000          0x08000182   Section        0  __rtentry.o(.ARM.Collect$$rtentry$$00000000)
    .ARM.Collect$$rtentry$$00000002          0x08000182   Section        0  __rtentry2.o(.ARM.Collect$$rtentry$$00000002)
    .ARM.Collect$$rtentry$$00000004          0x08000182   Section        6  __rtentry4.o(.ARM.Collect$$rtentry$$00000004)
    .ARM.Collect$$rtentry$$00000009          0x08000188   Section        0  __rtentry2.o(.ARM.Collect$$rtentry$$00000009)
    .ARM.Collect$$rtentry$$0000000A          0x08000188   Section        4  __rtentry2.o(.ARM.Collect$$rtentry$$0000000A)
    .ARM.Collect$$rtentry$$0000000C          0x0800018c   Section        0  __rtentry2.o(.ARM.Collect$$rtentry$$0000000C)
    .ARM.Collect$$rtentry$$0000000D          0x0800018c   Section        8  __rtentry2.o(.ARM.Collect$$rtentry$$0000000D)
    .ARM.Collect$$rtexit$$00000000           0x08000194   Section        2  rtexit.o(.ARM.Collect$$rtexit$$00000000)
    .ARM.Collect$$rtexit$$00000002           0x08000196   Section        0  rtexit2.o(.ARM.Collect$$rtexit$$00000002)
    .ARM.Collect$$rtexit$$00000003           0x08000196   Section        4  rtexit2.o(.ARM.Collect$$rtexit$$00000003)
    .ARM.Collect$$rtexit$$00000004           0x0800019a   Section        6  rtexit2.o(.ARM.Collect$$rtexit$$00000004)
    .text                                    0x080001a0   Section       64  startup_stm32f103xb.o(.text)
    .text                                    0x080001e0   Section        0  noretval__2sprintf.o(.text)
    .text                                    0x08000208   Section        0  __printf.o(.text)
    .text                                    0x08000270   Section        0  strlen.o(.text)
    .text                                    0x080002ae   Section       78  rt_memclr_w.o(.text)
    .text                                    0x080002fc   Section        0  heapauxi.o(.text)
    .text                                    0x08000302   Section        0  _rserrno.o(.text)
    .text                                    0x08000318   Section        0  _printf_fp_dec.o(.text)
    _fp_digits                               0x0800031b   Thumb Code   432  _printf_fp_dec.o(.text)
    .text                                    0x08000738   Section        0  _printf_char_common.o(.text)
    _printf_input_char                       0x08000739   Thumb Code    10  _printf_char_common.o(.text)
    .text                                    0x08000768   Section        0  _sputc.o(.text)
    .text                                    0x08000774   Section        8  rt_locale_intlibspace.o(.text)
    .text                                    0x0800077c   Section        8  rt_errno_addr_intlibspace.o(.text)
    .text                                    0x08000784   Section      138  lludiv10.o(.text)
    .text                                    0x08000810   Section        0  _printf_fp_infnan.o(.text)
    .text                                    0x08000890   Section        0  bigflt0.o(.text)
    .text                                    0x08000974   Section        8  libspace.o(.text)
    .text                                    0x0800097c   Section       74  sys_stackheap_outer.o(.text)
    .text                                    0x080009c6   Section        0  exit.o(.text)
    .text                                    0x080009d8   Section      128  strcmpv7m.o(.text)
    .text                                    0x08000a58   Section        0  sys_exit.o(.text)
    .text                                    0x08000a64   Section        2  use_no_semi.o(.text)
    .text                                    0x08000a66   Section        0  indicate_semi.o(.text)
    CL$$btod_d2e                             0x08000a66   Section       62  btod.o(CL$$btod_d2e)
    CL$$btod_d2e_denorm_low                  0x08000aa4   Section       70  btod.o(CL$$btod_d2e_denorm_low)
    CL$$btod_d2e_norm_op1                    0x08000aea   Section       96  btod.o(CL$$btod_d2e_norm_op1)
    CL$$btod_div_common                      0x08000b4a   Section      824  btod.o(CL$$btod_div_common)
    CL$$btod_e2e                             0x08000e82   Section      220  btod.o(CL$$btod_e2e)
    CL$$btod_ediv                            0x08000f5e   Section       42  btod.o(CL$$btod_ediv)
    CL$$btod_emul                            0x08000f88   Section       42  btod.o(CL$$btod_emul)
    CL$$btod_mult_common                     0x08000fb2   Section      580  btod.o(CL$$btod_mult_common)
    i.ADC_Setup                              0x080011f8   Section        0  util.o(i.ADC_Setup)
    i.ADC_Start                              0x0800120c   Section        0  util.o(i.ADC_Start)
    i.ADC_init                               0x08001224   Section        0  util.o(i.ADC_init)
    i.ADC_read                               0x08001254   Section        0  util.o(i.ADC_read)
    i.BusFault_Handler                       0x0800126c   Section        0  stm32f1xx_it.o(i.BusFault_Handler)
    i.DebugMon_Handler                       0x0800126e   Section        0  stm32f1xx_it.o(i.DebugMon_Handler)
    i.EXTI15_10_IRQHandler                   0x08001270   Section        0  stm32f1xx_it.o(i.EXTI15_10_IRQHandler)
    i.Error_Handler                          0x08001278   Section        0  main.o(i.Error_Handler)
    i.HAL_Delay                              0x08001290   Section        0  stm32f1xx_hal.o(i.HAL_Delay)
    i.HAL_GPIO_EXTI_Callback                 0x080012b4   Section        0  stm32f1xx_hal_gpio.o(i.HAL_GPIO_EXTI_Callback)
    i.HAL_GPIO_EXTI_IRQHandler               0x080012b8   Section        0  stm32f1xx_hal_gpio.o(i.HAL_GPIO_EXTI_IRQHandler)
    i.HAL_GPIO_Init                          0x080012d0   Section        0  stm32f1xx_hal_gpio.o(i.HAL_GPIO_Init)
    i.HAL_GPIO_WritePin                      0x080014b0   Section        0  stm32f1xx_hal_gpio.o(i.HAL_GPIO_WritePin)
    i.HAL_GetTick                            0x080014bc   Section        0  stm32f1xx_hal.o(i.HAL_GetTick)
    i.HAL_I2C_Init                           0x080014c8   Section        0  stm32f1xx_hal_i2c.o(i.HAL_I2C_Init)
    i.HAL_I2C_Mem_Read                       0x08001650   Section        0  stm32f1xx_hal_i2c.o(i.HAL_I2C_Mem_Read)
    i.HAL_I2C_Mem_Write                      0x080018a0   Section        0  stm32f1xx_hal_i2c.o(i.HAL_I2C_Mem_Write)
    i.HAL_I2C_MspInit                        0x080019d0   Section        0  stm32f1xx_hal_msp.o(i.HAL_I2C_MspInit)
    i.HAL_IncTick                            0x08001a40   Section        0  stm32f1xx_hal.o(i.HAL_IncTick)
    i.HAL_Init                               0x08001a50   Section        0  stm32f1xx_hal.o(i.HAL_Init)
    i.HAL_InitTick                           0x08001a74   Section        0  stm32f1xx_hal.o(i.HAL_InitTick)
    i.HAL_MspInit                            0x08001ab4   Section        0  stm32f1xx_hal_msp.o(i.HAL_MspInit)
    i.HAL_NVIC_EnableIRQ                     0x08001af0   Section        0  stm32f1xx_hal_cortex.o(i.HAL_NVIC_EnableIRQ)
    i.HAL_NVIC_SetPriority                   0x08001b0c   Section        0  stm32f1xx_hal_cortex.o(i.HAL_NVIC_SetPriority)
    i.HAL_NVIC_SetPriorityGrouping           0x08001b4c   Section        0  stm32f1xx_hal_cortex.o(i.HAL_NVIC_SetPriorityGrouping)
    i.HAL_RCC_ClockConfig                    0x08001b70   Section        0  stm32f1xx_hal_rcc.o(i.HAL_RCC_ClockConfig)
    i.HAL_RCC_GetPCLK1Freq                   0x08001c9c   Section        0  stm32f1xx_hal_rcc.o(i.HAL_RCC_GetPCLK1Freq)
    i.HAL_RCC_GetPCLK2Freq                   0x08001cbc   Section        0  stm32f1xx_hal_rcc.o(i.HAL_RCC_GetPCLK2Freq)
    i.HAL_RCC_GetSysClockFreq                0x08001cdc   Section        0  stm32f1xx_hal_rcc.o(i.HAL_RCC_GetSysClockFreq)
    i.HAL_RCC_OscConfig                      0x08001d48   Section        0  stm32f1xx_hal_rcc.o(i.HAL_RCC_OscConfig)
    i.HAL_SYSTICK_Config                     0x08002068   Section        0  stm32f1xx_hal_cortex.o(i.HAL_SYSTICK_Config)
    i.HAL_TIMEx_MasterConfigSynchronization  0x08002090   Section        0  stm32f1xx_hal_tim_ex.o(i.HAL_TIMEx_MasterConfigSynchronization)
    i.HAL_TIM_MspPostInit                    0x080020f8   Section        0  stm32f1xx_hal_msp.o(i.HAL_TIM_MspPostInit)
    i.HAL_TIM_PWM_ConfigChannel              0x08002168   Section        0  stm32f1xx_hal_tim.o(i.HAL_TIM_PWM_ConfigChannel)
    i.HAL_TIM_PWM_Init                       0x0800222e   Section        0  stm32f1xx_hal_tim.o(i.HAL_TIM_PWM_Init)
    i.HAL_TIM_PWM_MspInit                    0x08002288   Section        0  stm32f1xx_hal_msp.o(i.HAL_TIM_PWM_MspInit)
    i.HAL_TIM_PWM_Start                      0x080022b0   Section        0  stm32f1xx_hal_tim.o(i.HAL_TIM_PWM_Start)
    i.HAL_UART_Init                          0x0800234c   Section        0  stm32f1xx_hal_uart.o(i.HAL_UART_Init)
    i.HAL_UART_MspInit                       0x080023b0   Section        0  stm32f1xx_hal_msp.o(i.HAL_UART_MspInit)
    i.HAL_UART_Transmit                      0x0800240c   Section        0  stm32f1xx_hal_uart.o(i.HAL_UART_Transmit)
    i.HardFault_Handler                      0x080024be   Section        0  stm32f1xx_it.o(i.HardFault_Handler)
    i.I2C_IsAcknowledgeFailed                0x080024c0   Section        0  stm32f1xx_hal_i2c.o(i.I2C_IsAcknowledgeFailed)
    I2C_IsAcknowledgeFailed                  0x080024c1   Thumb Code    46  stm32f1xx_hal_i2c.o(i.I2C_IsAcknowledgeFailed)
    i.I2C_RequestMemoryRead                  0x080024f0   Section        0  stm32f1xx_hal_i2c.o(i.I2C_RequestMemoryRead)
    I2C_RequestMemoryRead                    0x080024f1   Thumb Code   246  stm32f1xx_hal_i2c.o(i.I2C_RequestMemoryRead)
    i.I2C_RequestMemoryWrite                 0x080025ec   Section        0  stm32f1xx_hal_i2c.o(i.I2C_RequestMemoryWrite)
    I2C_RequestMemoryWrite                   0x080025ed   Thumb Code   162  stm32f1xx_hal_i2c.o(i.I2C_RequestMemoryWrite)
    i.I2C_WaitOnBTFFlagUntilTimeout          0x08002694   Section        0  stm32f1xx_hal_i2c.o(i.I2C_WaitOnBTFFlagUntilTimeout)
    I2C_WaitOnBTFFlagUntilTimeout            0x08002695   Thumb Code    76  stm32f1xx_hal_i2c.o(i.I2C_WaitOnBTFFlagUntilTimeout)
    i.I2C_WaitOnFlagUntilTimeout             0x080026e0   Section        0  stm32f1xx_hal_i2c.o(i.I2C_WaitOnFlagUntilTimeout)
    I2C_WaitOnFlagUntilTimeout               0x080026e1   Thumb Code   104  stm32f1xx_hal_i2c.o(i.I2C_WaitOnFlagUntilTimeout)
    i.I2C_WaitOnMasterAddressFlagUntilTimeout 0x08002748   Section        0  stm32f1xx_hal_i2c.o(i.I2C_WaitOnMasterAddressFlagUntilTimeout)
    I2C_WaitOnMasterAddressFlagUntilTimeout  0x08002749   Thumb Code   150  stm32f1xx_hal_i2c.o(i.I2C_WaitOnMasterAddressFlagUntilTimeout)
    i.I2C_WaitOnRXNEFlagUntilTimeout         0x080027de   Section        0  stm32f1xx_hal_i2c.o(i.I2C_WaitOnRXNEFlagUntilTimeout)
    I2C_WaitOnRXNEFlagUntilTimeout           0x080027df   Thumb Code   102  stm32f1xx_hal_i2c.o(i.I2C_WaitOnRXNEFlagUntilTimeout)
    i.I2C_WaitOnTXEFlagUntilTimeout          0x08002844   Section        0  stm32f1xx_hal_i2c.o(i.I2C_WaitOnTXEFlagUntilTimeout)
    I2C_WaitOnTXEFlagUntilTimeout            0x08002845   Thumb Code    76  stm32f1xx_hal_i2c.o(i.I2C_WaitOnTXEFlagUntilTimeout)
    i.MPU6050_Orientation                    0x08002890   Section        0  main.o(i.MPU6050_Orientation)
    i.MPU6050_Read_Accel                     0x080029b8   Section        0  mpu6050.o(i.MPU6050_Read_Accel)
    i.MPU6050_Read_Gyro                      0x08002a48   Section        0  mpu6050.o(i.MPU6050_Read_Gyro)
    i.MPU6050_init                           0x08002ae0   Section        0  mpu6050.o(i.MPU6050_init)
    i.MPU6050_offset                         0x08002b88   Section        0  main.o(i.MPU6050_offset)
    i.MX_GPIO_Init                           0x08002c60   Section        0  main.o(i.MX_GPIO_Init)
    MX_GPIO_Init                             0x08002c61   Thumb Code   152  main.o(i.MX_GPIO_Init)
    i.MX_I2C1_Init                           0x08002d08   Section        0  main.o(i.MX_I2C1_Init)
    MX_I2C1_Init                             0x08002d09   Thumb Code    46  main.o(i.MX_I2C1_Init)
    i.MX_TIM3_Init                           0x08002d44   Section        0  main.o(i.MX_TIM3_Init)
    MX_TIM3_Init                             0x08002d45   Thumb Code   134  main.o(i.MX_TIM3_Init)
    i.MemManage_Handler                      0x08002dd4   Section        0  stm32f1xx_it.o(i.MemManage_Handler)
    i.NMI_Handler                            0x08002dd6   Section        0  stm32f1xx_it.o(i.NMI_Handler)
    i.PendSV_Handler                         0x08002dd8   Section        0  stm32f1xx_it.o(i.PendSV_Handler)
    i.SVC_Handler                            0x08002dda   Section        0  stm32f1xx_it.o(i.SVC_Handler)
    i.SysTick_Handler                        0x08002ddc   Section        0  stm32f1xx_it.o(i.SysTick_Handler)
    i.SystemClock_Config                     0x08002de0   Section        0  main.o(i.SystemClock_Config)
    i.SystemInit                             0x08002e34   Section        0  system_stm32f1xx.o(i.SystemInit)
    i.TIM_Base_SetConfig                     0x08002e38   Section        0  stm32f1xx_hal_tim.o(i.TIM_Base_SetConfig)
    i.TIM_CCxChannelCmd                      0x08002ea4   Section        0  stm32f1xx_hal_tim.o(i.TIM_CCxChannelCmd)
    i.TIM_OC1_SetConfig                      0x08002ec0   Section        0  stm32f1xx_hal_tim.o(i.TIM_OC1_SetConfig)
    TIM_OC1_SetConfig                        0x08002ec1   Thumb Code    74  stm32f1xx_hal_tim.o(i.TIM_OC1_SetConfig)
    i.TIM_OC2_SetConfig                      0x08002f10   Section        0  stm32f1xx_hal_tim.o(i.TIM_OC2_SetConfig)
    i.TIM_OC3_SetConfig                      0x08002f68   Section        0  stm32f1xx_hal_tim.o(i.TIM_OC3_SetConfig)
    TIM_OC3_SetConfig                        0x08002f69   Thumb Code    82  stm32f1xx_hal_tim.o(i.TIM_OC3_SetConfig)
    i.TIM_OC4_SetConfig                      0x08002fc0   Section        0  stm32f1xx_hal_tim.o(i.TIM_OC4_SetConfig)
    TIM_OC4_SetConfig                        0x08002fc1   Thumb Code    64  stm32f1xx_hal_tim.o(i.TIM_OC4_SetConfig)
    i.UART_SetConfig                         0x08003004   Section        0  stm32f1xx_hal_uart.o(i.UART_SetConfig)
    UART_SetConfig                           0x08003005   Thumb Code   178  stm32f1xx_hal_uart.o(i.UART_SetConfig)
    i.UART_WaitOnFlagUntilTimeout            0x080030bc   Section        0  stm32f1xx_hal_uart.o(i.UART_WaitOnFlagUntilTimeout)
    UART_WaitOnFlagUntilTimeout              0x080030bd   Thumb Code   100  stm32f1xx_hal_uart.o(i.UART_WaitOnFlagUntilTimeout)
    i.Update_Arm                             0x08003120   Section        0  util.o(i.Update_Arm)
    i.Update_Base                            0x08003144   Section        0  util.o(i.Update_Base)
    i.Update_Forearm                         0x08003168   Section        0  util.o(i.Update_Forearm)
    i.Update_Palm                            0x0800318c   Section        0  util.o(i.Update_Palm)
    i.UsageFault_Handler                     0x080031b0   Section        0  stm32f1xx_it.o(i.UsageFault_Handler)
    i.__ARM_fpclassify                       0x080031b2   Section        0  fpclassify.o(i.__ARM_fpclassify)
    i.__NVIC_SetPriority                     0x080031da   Section        0  stm32f1xx_hal_cortex.o(i.__NVIC_SetPriority)
    __NVIC_SetPriority                       0x080031db   Thumb Code    32  stm32f1xx_hal_cortex.o(i.__NVIC_SetPriority)
    i.__kernel_poly                          0x080031fa   Section        0  poly.o(i.__kernel_poly)
    i.__mathlib_dbl_divzero                  0x080032a4   Section        0  dunder.o(i.__mathlib_dbl_divzero)
    i.__mathlib_dbl_infnan                   0x080032b4   Section        0  dunder.o(i.__mathlib_dbl_infnan)
    i.__mathlib_dbl_infnan2                  0x080032ba   Section        0  dunder.o(i.__mathlib_dbl_infnan2)
    i.__mathlib_dbl_invalid                  0x080032be   Section        0  dunder.o(i.__mathlib_dbl_invalid)
    i.__mathlib_dbl_overflow                 0x080032ca   Section        0  dunder.o(i.__mathlib_dbl_overflow)
    i.__mathlib_dbl_underflow                0x080032d8   Section        0  dunder.o(i.__mathlib_dbl_underflow)
    i.atan                                   0x080032e8   Section        0  atan.o(i.atan)
    i.debugPrintln                           0x08003508   Section        0  main.o(i.debugPrintln)
    i.delay                                  0x08003538   Section        0  util.o(i.delay)
    i.flex_to_claw                           0x08003540   Section        0  util.o(i.flex_to_claw)
    i.main                                   0x080035f8   Section        0  main.o(i.main)
    i.pow                                    0x0800371c   Section        0  pow.o(i.pow)
    i.print_flex                             0x080040f4   Section        0  main.o(i.print_flex)
    i.sqrt                                   0x08004134   Section        0  sqrt.o(i.sqrt)
    locale$$code                             0x08004180   Section       44  lc_numeric_c.o(locale$$code)
    x$fpl$d2f                                0x080041ac   Section       98  d2f.o(x$fpl$d2f)
    x$fpl$dadd                               0x08004210   Section      336  daddsub_clz.o(x$fpl$dadd)
    _dadd1                                   0x08004221   Thumb Code     0  daddsub_clz.o(x$fpl$dadd)
    x$fpl$dcheck1                            0x08004360   Section       16  dcheck1.o(x$fpl$dcheck1)
    x$fpl$dcmpinf                            0x08004370   Section       24  dcmpi.o(x$fpl$dcmpinf)
    x$fpl$ddiv                               0x08004388   Section      688  ddiv.o(x$fpl$ddiv)
    ddiv_entry                               0x0800438f   Thumb Code     0  ddiv.o(x$fpl$ddiv)
    x$fpl$dflt                               0x08004638   Section       46  dflt_clz.o(x$fpl$dflt)
    x$fpl$dleqf                              0x08004668   Section      120  dleqf.o(x$fpl$dleqf)
    x$fpl$dmul                               0x080046e0   Section      340  dmul.o(x$fpl$dmul)
    x$fpl$dnaninf                            0x08004834   Section      156  dnaninf.o(x$fpl$dnaninf)
    x$fpl$dretinf                            0x080048d0   Section       12  dretinf.o(x$fpl$dretinf)
    x$fpl$drleqf                             0x080048dc   Section      108  drleqf.o(x$fpl$drleqf)
    x$fpl$drsb                               0x08004948   Section       22  daddsub_clz.o(x$fpl$drsb)
    x$fpl$dsqrt                              0x08004960   Section      460  dsqrt_noumaal.o(x$fpl$dsqrt)
    x$fpl$dsub                               0x08004b2c   Section      468  daddsub_clz.o(x$fpl$dsub)
    _dsub1                                   0x08004b3d   Thumb Code     0  daddsub_clz.o(x$fpl$dsub)
    x$fpl$f2d                                0x08004d00   Section       86  f2d.o(x$fpl$f2d)
    x$fpl$fadd                               0x08004d58   Section      196  faddsub_clz.o(x$fpl$fadd)
    _fadd1                                   0x08004d67   Thumb Code     0  faddsub_clz.o(x$fpl$fadd)
    x$fpl$fdiv                               0x08004e1c   Section      388  fdiv.o(x$fpl$fdiv)
    _fdiv1                                   0x08004e1d   Thumb Code     0  fdiv.o(x$fpl$fdiv)
    x$fpl$ffixu                              0x08004fa0   Section       62  ffixu.o(x$fpl$ffixu)
    x$fpl$ffltu                              0x08004fe0   Section       38  fflt_clz.o(x$fpl$ffltu)
    x$fpl$fmul                               0x08005008   Section      258  fmul.o(x$fpl$fmul)
    x$fpl$fnaninf                            0x0800510a   Section      140  fnaninf.o(x$fpl$fnaninf)
    x$fpl$fretinf                            0x08005196   Section       10  fretinf.o(x$fpl$fretinf)
    x$fpl$fsub                               0x080051a0   Section      234  faddsub_clz.o(x$fpl$fsub)
    _fsub1                                   0x080051af   Thumb Code     0  faddsub_clz.o(x$fpl$fsub)
    x$fpl$printf1                            0x0800528a   Section        4  printf1.o(x$fpl$printf1)
    x$fpl$retnan                             0x0800528e   Section      100  retnan.o(x$fpl$retnan)
    x$fpl$scalbn                             0x080052f2   Section       92  scalbn.o(x$fpl$scalbn)
    x$fpl$trapveneer                         0x0800534e   Section       48  trapv.o(x$fpl$trapveneer)
    .constdata                               0x0800537e   Section       16  system_stm32f1xx.o(.constdata)
    x$fpl$usenofp                            0x0800537e   Section        0  usenofp.o(x$fpl$usenofp)
    .constdata                               0x0800538e   Section        8  system_stm32f1xx.o(.constdata)
    .constdata                               0x08005398   Section      152  atan.o(.constdata)
    atanhi                                   0x08005398   Data          32  atan.o(.constdata)
    atanlo                                   0x080053b8   Data          32  atan.o(.constdata)
    aTodd                                    0x080053d8   Data          40  atan.o(.constdata)
    aTeven                                   0x08005400   Data          48  atan.o(.constdata)
    .constdata                               0x08005430   Section      136  pow.o(.constdata)
    bp                                       0x08005430   Data          16  pow.o(.constdata)
    dp_h                                     0x08005440   Data          16  pow.o(.constdata)
    dp_l                                     0x08005450   Data          16  pow.o(.constdata)
    L                                        0x08005460   Data          48  pow.o(.constdata)
    P                                        0x08005490   Data          40  pow.o(.constdata)
    .constdata                               0x080054b8   Section        8  qnan.o(.constdata)
    .constdata                               0x080054c0   Section      148  bigflt0.o(.constdata)
    tenpwrs_x                                0x080054c0   Data          60  bigflt0.o(.constdata)
    tenpwrs_i                                0x080054fc   Data          64  bigflt0.o(.constdata)
    locale$$data                             0x08005574   Section       28  lc_numeric_c.o(locale$$data)
    __lcnum_c_name                           0x08005578   Data           2  lc_numeric_c.o(locale$$data)
    __lcnum_c_start                          0x08005580   Data           0  lc_numeric_c.o(locale$$data)
    __lcnum_c_point                          0x0800558c   Data           0  lc_numeric_c.o(locale$$data)
    __lcnum_c_thousands                      0x0800558e   Data           0  lc_numeric_c.o(locale$$data)
    __lcnum_c_grouping                       0x0800558f   Data           0  lc_numeric_c.o(locale$$data)
    __lcnum_c_end                            0x08005590   Data           0  lc_numeric_c.o(locale$$data)
    .data                                    0x20000000   Section       12  mpu6050.o(.data)
    .data                                    0x2000000c   Section       72  main.o(.data)
    .data                                    0x20000054   Section       12  stm32f1xx_hal.o(.data)
    .data                                    0x20000060   Section        4  system_stm32f1xx.o(.data)
    .bss                                     0x20000064   Section      224  main.o(.bss)
    .bss                                     0x20000144   Section       96  libspace.o(.bss)
    HEAP                                     0x200001a8   Section      512  startup_stm32f103xb.o(HEAP)
    Heap_Mem                                 0x200001a8   Data         512  startup_stm32f103xb.o(HEAP)
    STACK                                    0x200003a8   Section     1024  startup_stm32f103xb.o(STACK)
    Stack_Mem                                0x200003a8   Data        1024  startup_stm32f103xb.o(STACK)
    __initial_sp                             0x200007a8   Data           0  startup_stm32f103xb.o(STACK)

    Global Symbols

    Symbol Name                              Value     Ov Type        Size  Object(Section)

    BuildAttributes$$THM_ISAv4$P$D$K$B$S$PE$A:L22UL41UL21$X:L11$S22US41US21$IEEE1$IW$USESV6$~STKCKD$USESV7$~SHL$OTIME$ROPI$IEEEX$EBA8$UX$STANDARDLIB$REQ8$PRES8$EABIv2 0x00000000   Number         0  anon$$obj.o ABSOLUTE
    __ARM_use_no_argv                        0x00000000   Number         0  main.o ABSOLUTE
    __ARM_exceptions_init                     - Undefined Weak Reference
    __alloca_initialize                       - Undefined Weak Reference
    __arm_fini_                               - Undefined Weak Reference
    __arm_preinit_                            - Undefined Weak Reference
    __cpp_initialize__aeabi_                  - Undefined Weak Reference
    __cxa_finalize                            - Undefined Weak Reference
    __sigvec_lookup                           - Undefined Weak Reference
    _atexit_init                              - Undefined Weak Reference
    _call_atexit_fns                          - Undefined Weak Reference
    _clock_init                               - Undefined Weak Reference
    _fp_trap_init                             - Undefined Weak Reference
    _fp_trap_shutdown                         - Undefined Weak Reference
    _get_lc_collate                           - Undefined Weak Reference
    _get_lc_ctype                             - Undefined Weak Reference
    _get_lc_monetary                          - Undefined Weak Reference
    _get_lc_time                              - Undefined Weak Reference
    _getenv_init                              - Undefined Weak Reference
    _handle_redirection                       - Undefined Weak Reference
    _init_alloc                               - Undefined Weak Reference
    _init_user_alloc                          - Undefined Weak Reference
    _initio                                   - Undefined Weak Reference
    _printf_post_padding                      - Undefined Weak Reference
    _printf_pre_padding                       - Undefined Weak Reference
    _rand_init                                - Undefined Weak Reference
    _signal_finish                            - Undefined Weak Reference
    _signal_init                              - Undefined Weak Reference
    _terminate_alloc                          - Undefined Weak Reference
    _terminate_user_alloc                     - Undefined Weak Reference
    _terminateio                              - Undefined Weak Reference
    __Vectors_Size                           0x000000ec   Number         0  startup_stm32f103xb.o ABSOLUTE
    __Vectors                                0x08000000   Data           4  startup_stm32f103xb.o(RESET)
    __Vectors_End                            0x080000ec   Data           0  startup_stm32f103xb.o(RESET)
    __main                                   0x080000ed   Thumb Code     8  __main.o(!!!main)
    __scatterload                            0x080000f5   Thumb Code     0  __scatter.o(!!!scatter)
    __scatterload_rt2                        0x080000f5   Thumb Code    44  __scatter.o(!!!scatter)
    __scatterload_rt2_thumb_only             0x080000f5   Thumb Code     0  __scatter.o(!!!scatter)
    __scatterload_null                       0x08000103   Thumb Code     0  __scatter.o(!!!scatter)
    __scatterload_copy                       0x08000129   Thumb Code    26  __scatter_copy.o(!!handler_copy)
    __scatterload_zeroinit                   0x08000145   Thumb Code    28  __scatter_zi.o(!!handler_zi)
    _printf_f                                0x08000161   Thumb Code     0  _printf_f.o(.ARM.Collect$$_printf_percent$$00000003)
    _printf_percent                          0x08000161   Thumb Code     0  _printf_percent.o(.ARM.Collect$$_printf_percent$$00000000)
    _printf_percent_end                      0x08000167   Thumb Code     0  _printf_percent_end.o(.ARM.Collect$$_printf_percent$$00000017)
    __rt_lib_init                            0x0800016b   Thumb Code     0  libinit.o(.ARM.Collect$$libinit$$00000000)
    __rt_lib_init_fp_1                       0x0800016d   Thumb Code     0  libinit2.o(.ARM.Collect$$libinit$$00000002)
    __rt_lib_init_heap_1                     0x0800016d   Thumb Code     0  libinit2.o(.ARM.Collect$$libinit$$0000000A)
    __rt_lib_init_lc_common                  0x0800016d   Thumb Code     0  libinit2.o(.ARM.Collect$$libinit$$0000000F)
    __rt_lib_init_preinit_1                  0x0800016d   Thumb Code     0  libinit2.o(.ARM.Collect$$libinit$$00000004)
    __rt_lib_init_rand_1                     0x0800016d   Thumb Code     0  libinit2.o(.ARM.Collect$$libinit$$0000000E)
    __rt_lib_init_user_alloc_1               0x0800016d   Thumb Code     0  libinit2.o(.ARM.Collect$$libinit$$0000000C)
    __rt_lib_init_lc_collate_1               0x08000173   Thumb Code     0  libinit2.o(.ARM.Collect$$libinit$$00000011)
    __rt_lib_init_lc_ctype_1                 0x08000173   Thumb Code     0  libinit2.o(.ARM.Collect$$libinit$$00000013)
    __rt_lib_init_lc_monetary_1              0x08000173   Thumb Code     0  libinit2.o(.ARM.Collect$$libinit$$00000015)
    __rt_lib_init_lc_numeric_2               0x08000173   Thumb Code     0  libinit2.o(.ARM.Collect$$libinit$$00000016)
    __rt_lib_init_alloca_1                   0x0800017d   Thumb Code     0  libinit2.o(.ARM.Collect$$libinit$$0000002E)
    __rt_lib_init_argv_1                     0x0800017d   Thumb Code     0  libinit2.o(.ARM.Collect$$libinit$$0000002C)
    __rt_lib_init_atexit_1                   0x0800017d   Thumb Code     0  libinit2.o(.ARM.Collect$$libinit$$0000001B)
    __rt_lib_init_clock_1                    0x0800017d   Thumb Code     0  libinit2.o(.ARM.Collect$$libinit$$00000021)
    __rt_lib_init_cpp_1                      0x0800017d   Thumb Code     0  libinit2.o(.ARM.Collect$$libinit$$00000032)
    __rt_lib_init_exceptions_1               0x0800017d   Thumb Code     0  libinit2.o(.ARM.Collect$$libinit$$00000030)
    __rt_lib_init_fp_trap_1                  0x0800017d   Thumb Code     0  libinit2.o(.ARM.Collect$$libinit$$0000001F)
    __rt_lib_init_getenv_1                   0x0800017d   Thumb Code     0  libinit2.o(.ARM.Collect$$libinit$$00000023)
    __rt_lib_init_lc_numeric_1               0x0800017d   Thumb Code     0  libinit2.o(.ARM.Collect$$libinit$$00000017)
    __rt_lib_init_lc_time_1                  0x0800017d   Thumb Code     0  libinit2.o(.ARM.Collect$$libinit$$00000019)
    __rt_lib_init_return                     0x0800017d   Thumb Code     0  libinit2.o(.ARM.Collect$$libinit$$00000033)
    __rt_lib_init_signal_1                   0x0800017d   Thumb Code     0  libinit2.o(.ARM.Collect$$libinit$$0000001D)
    __rt_lib_init_stdio_1                    0x0800017d   Thumb Code     0  libinit2.o(.ARM.Collect$$libinit$$00000025)
    __rt_lib_shutdown                        0x0800017f   Thumb Code     0  libshutdown.o(.ARM.Collect$$libshutdown$$00000000)
    __rt_lib_shutdown_cpp_1                  0x08000181   Thumb Code     0  libshutdown2.o(.ARM.Collect$$libshutdown$$00000004)
    __rt_lib_shutdown_fini_1                 0x08000181   Thumb Code     0  libshutdown2.o(.ARM.Collect$$libshutdown$$00000002)
    __rt_lib_shutdown_fp_trap_1              0x08000181   Thumb Code     0  libshutdown2.o(.ARM.Collect$$libshutdown$$00000009)
    __rt_lib_shutdown_heap_1                 0x08000181   Thumb Code     0  libshutdown2.o(.ARM.Collect$$libshutdown$$00000011)
    __rt_lib_shutdown_return                 0x08000181   Thumb Code     0  libshutdown2.o(.ARM.Collect$$libshutdown$$00000012)
    __rt_lib_shutdown_signal_1               0x08000181   Thumb Code     0  libshutdown2.o(.ARM.Collect$$libshutdown$$0000000C)
    __rt_lib_shutdown_stdio_1                0x08000181   Thumb Code     0  libshutdown2.o(.ARM.Collect$$libshutdown$$00000006)
    __rt_lib_shutdown_user_alloc_1           0x08000181   Thumb Code     0  libshutdown2.o(.ARM.Collect$$libshutdown$$0000000E)
    __rt_entry                               0x08000183   Thumb Code     0  __rtentry.o(.ARM.Collect$$rtentry$$00000000)
    __rt_entry_presh_1                       0x08000183   Thumb Code     0  __rtentry2.o(.ARM.Collect$$rtentry$$00000002)
    __rt_entry_sh                            0x08000183   Thumb Code     0  __rtentry4.o(.ARM.Collect$$rtentry$$00000004)
    __rt_entry_li                            0x08000189   Thumb Code     0  __rtentry2.o(.ARM.Collect$$rtentry$$0000000A)
    __rt_entry_postsh_1                      0x08000189   Thumb Code     0  __rtentry2.o(.ARM.Collect$$rtentry$$00000009)
    __rt_entry_main                          0x0800018d   Thumb Code     0  __rtentry2.o(.ARM.Collect$$rtentry$$0000000D)
    __rt_entry_postli_1                      0x0800018d   Thumb Code     0  __rtentry2.o(.ARM.Collect$$rtentry$$0000000C)
    __rt_exit                                0x08000195   Thumb Code     0  rtexit.o(.ARM.Collect$$rtexit$$00000000)
    __rt_exit_ls                             0x08000197   Thumb Code     0  rtexit2.o(.ARM.Collect$$rtexit$$00000003)
    __rt_exit_prels_1                        0x08000197   Thumb Code     0  rtexit2.o(.ARM.Collect$$rtexit$$00000002)
    __rt_exit_exit                           0x0800019b   Thumb Code     0  rtexit2.o(.ARM.Collect$$rtexit$$00000004)
    Reset_Handler                            0x080001a1   Thumb Code     8  startup_stm32f103xb.o(.text)
    ADC1_2_IRQHandler                        0x080001bb   Thumb Code     0  startup_stm32f103xb.o(.text)
    CAN1_RX1_IRQHandler                      0x080001bb   Thumb Code     0  startup_stm32f103xb.o(.text)
    CAN1_SCE_IRQHandler                      0x080001bb   Thumb Code     0  startup_stm32f103xb.o(.text)
    DMA1_Channel1_IRQHandler                 0x080001bb   Thumb Code     0  startup_stm32f103xb.o(.text)
    DMA1_Channel2_IRQHandler                 0x080001bb   Thumb Code     0  startup_stm32f103xb.o(.text)
    DMA1_Channel3_IRQHandler                 0x080001bb   Thumb Code     0  startup_stm32f103xb.o(.text)
    DMA1_Channel4_IRQHandler                 0x080001bb   Thumb Code     0  startup_stm32f103xb.o(.text)
    DMA1_Channel5_IRQHandler                 0x080001bb   Thumb Code     0  startup_stm32f103xb.o(.text)
    DMA1_Channel6_IRQHandler                 0x080001bb   Thumb Code     0  startup_stm32f103xb.o(.text)
    DMA1_Channel7_IRQHandler                 0x080001bb   Thumb Code     0  startup_stm32f103xb.o(.text)
    EXTI0_IRQHandler                         0x080001bb   Thumb Code     0  startup_stm32f103xb.o(.text)
    EXTI1_IRQHandler                         0x080001bb   Thumb Code     0  startup_stm32f103xb.o(.text)
    EXTI2_IRQHandler                         0x080001bb   Thumb Code     0  startup_stm32f103xb.o(.text)
    EXTI3_IRQHandler                         0x080001bb   Thumb Code     0  startup_stm32f103xb.o(.text)
    EXTI4_IRQHandler                         0x080001bb   Thumb Code     0  startup_stm32f103xb.o(.text)
    EXTI9_5_IRQHandler                       0x080001bb   Thumb Code     0  startup_stm32f103xb.o(.text)
    FLASH_IRQHandler                         0x080001bb   Thumb Code     0  startup_stm32f103xb.o(.text)
    I2C1_ER_IRQHandler                       0x080001bb   Thumb Code     0  startup_stm32f103xb.o(.text)
    I2C1_EV_IRQHandler                       0x080001bb   Thumb Code     0  startup_stm32f103xb.o(.text)
    I2C2_ER_IRQHandler                       0x080001bb   Thumb Code     0  startup_stm32f103xb.o(.text)
    I2C2_EV_IRQHandler                       0x080001bb   Thumb Code     0  startup_stm32f103xb.o(.text)
    PVD_IRQHandler                           0x080001bb   Thumb Code     0  startup_stm32f103xb.o(.text)
    RCC_IRQHandler                           0x080001bb   Thumb Code     0  startup_stm32f103xb.o(.text)
    RTC_Alarm_IRQHandler                     0x080001bb   Thumb Code     0  startup_stm32f103xb.o(.text)
    RTC_IRQHandler                           0x080001bb   Thumb Code     0  startup_stm32f103xb.o(.text)
    SPI1_IRQHandler                          0x080001bb   Thumb Code     0  startup_stm32f103xb.o(.text)
    SPI2_IRQHandler                          0x080001bb   Thumb Code     0  startup_stm32f103xb.o(.text)
    TAMPER_IRQHandler                        0x080001bb   Thumb Code     0  startup_stm32f103xb.o(.text)
    TIM1_BRK_IRQHandler                      0x080001bb   Thumb Code     0  startup_stm32f103xb.o(.text)
    TIM1_CC_IRQHandler                       0x080001bb   Thumb Code     0  startup_stm32f103xb.o(.text)
    TIM1_TRG_COM_IRQHandler                  0x080001bb   Thumb Code     0  startup_stm32f103xb.o(.text)
    TIM1_UP_IRQHandler                       0x080001bb   Thumb Code     0  startup_stm32f103xb.o(.text)
    TIM2_IRQHandler                          0x080001bb   Thumb Code     0  startup_stm32f103xb.o(.text)
    TIM3_IRQHandler                          0x080001bb   Thumb Code     0  startup_stm32f103xb.o(.text)
    TIM4_IRQHandler                          0x080001bb   Thumb Code     0  startup_stm32f103xb.o(.text)
    USART1_IRQHandler                        0x080001bb   Thumb Code     0  startup_stm32f103xb.o(.text)
    USART2_IRQHandler                        0x080001bb   Thumb Code     0  startup_stm32f103xb.o(.text)
    USART3_IRQHandler                        0x080001bb   Thumb Code     0  startup_stm32f103xb.o(.text)
    USBWakeUp_IRQHandler                     0x080001bb   Thumb Code     0  startup_stm32f103xb.o(.text)
    USB_HP_CAN1_TX_IRQHandler                0x080001bb   Thumb Code     0  startup_stm32f103xb.o(.text)
    USB_LP_CAN1_RX0_IRQHandler               0x080001bb   Thumb Code     0  startup_stm32f103xb.o(.text)
    WWDG_IRQHandler                          0x080001bb   Thumb Code     0  startup_stm32f103xb.o(.text)
    __user_initial_stackheap                 0x080001bd   Thumb Code     0  startup_stm32f103xb.o(.text)
    __2sprintf                               0x080001e1   Thumb Code    34  noretval__2sprintf.o(.text)
    __printf                                 0x08000209   Thumb Code   104  __printf.o(.text)
    strlen                                   0x08000271   Thumb Code    62  strlen.o(.text)
    __aeabi_memclr4                          0x080002af   Thumb Code     0  rt_memclr_w.o(.text)
    __aeabi_memclr8                          0x080002af   Thumb Code     0  rt_memclr_w.o(.text)
    __rt_memclr_w                            0x080002af   Thumb Code    78  rt_memclr_w.o(.text)
    _memset_w                                0x080002b3   Thumb Code     0  rt_memclr_w.o(.text)
    __use_two_region_memory                  0x080002fd   Thumb Code     2  heapauxi.o(.text)
    __rt_heap_escrow$2region                 0x080002ff   Thumb Code     2  heapauxi.o(.text)
    __rt_heap_expand$2region                 0x08000301   Thumb Code     2  heapauxi.o(.text)
    __read_errno                             0x08000303   Thumb Code    10  _rserrno.o(.text)
    __set_errno                              0x0800030d   Thumb Code    12  _rserrno.o(.text)
    __lib_sel_fp_printf                      0x08000319   Thumb Code     2  _printf_fp_dec.o(.text)
    _printf_fp_dec_real                      0x080004cb   Thumb Code   620  _printf_fp_dec.o(.text)
    _printf_char_common                      0x08000743   Thumb Code    32  _printf_char_common.o(.text)
    _sputc                                   0x08000769   Thumb Code    10  _sputc.o(.text)
    __rt_locale                              0x08000775   Thumb Code     8  rt_locale_intlibspace.o(.text)
    __aeabi_errno_addr                       0x0800077d   Thumb Code     8  rt_errno_addr_intlibspace.o(.text)
    __errno$intlibspace                      0x0800077d   Thumb Code     0  rt_errno_addr_intlibspace.o(.text)
    __rt_errno_addr$intlibspace              0x0800077d   Thumb Code     0  rt_errno_addr_intlibspace.o(.text)
    _ll_udiv10                               0x08000785   Thumb Code   138  lludiv10.o(.text)
    _printf_fp_infnan                        0x08000811   Thumb Code   112  _printf_fp_infnan.o(.text)
    _btod_etento                             0x08000891   Thumb Code   224  bigflt0.o(.text)
    __user_libspace                          0x08000975   Thumb Code     8  libspace.o(.text)
    __user_perproc_libspace                  0x08000975   Thumb Code     0  libspace.o(.text)
    __user_perthread_libspace                0x08000975   Thumb Code     0  libspace.o(.text)
    __user_setup_stackheap                   0x0800097d   Thumb Code    74  sys_stackheap_outer.o(.text)
    exit                                     0x080009c7   Thumb Code    18  exit.o(.text)
    strcmp                                   0x080009d9   Thumb Code   128  strcmpv7m.o(.text)
    _sys_exit                                0x08000a59   Thumb Code     8  sys_exit.o(.text)
    __I$use$semihosting                      0x08000a65   Thumb Code     0  use_no_semi.o(.text)
    __use_no_semihosting_swi                 0x08000a65   Thumb Code     2  use_no_semi.o(.text)
    __semihosting_library_function           0x08000a67   Thumb Code     0  indicate_semi.o(.text)
    _btod_d2e                                0x08000a67   Thumb Code    62  btod.o(CL$$btod_d2e)
    _d2e_denorm_low                          0x08000aa5   Thumb Code    70  btod.o(CL$$btod_d2e_denorm_low)
    _d2e_norm_op1                            0x08000aeb   Thumb Code    96  btod.o(CL$$btod_d2e_norm_op1)
    __btod_div_common                        0x08000b4b   Thumb Code   696  btod.o(CL$$btod_div_common)
    _e2e                                     0x08000e83   Thumb Code   220  btod.o(CL$$btod_e2e)
    _btod_ediv                               0x08000f5f   Thumb Code    42  btod.o(CL$$btod_ediv)
    _btod_emul                               0x08000f89   Thumb Code    42  btod.o(CL$$btod_emul)
    __btod_mult_common                       0x08000fb3   Thumb Code   580  btod.o(CL$$btod_mult_common)
    ADC_Setup                                0x080011f9   Thumb Code    16  util.o(i.ADC_Setup)
    ADC_Start                                0x0800120d   Thumb Code    18  util.o(i.ADC_Start)
    ADC_init                                 0x08001225   Thumb Code    38  util.o(i.ADC_init)
    ADC_read                                 0x08001255   Thumb Code    18  util.o(i.ADC_read)
    BusFault_Handler                         0x0800126d   Thumb Code     2  stm32f1xx_it.o(i.BusFault_Handler)
    DebugMon_Handler                         0x0800126f   Thumb Code     2  stm32f1xx_it.o(i.DebugMon_Handler)
    EXTI15_10_IRQHandler                     0x08001271   Thumb Code     8  stm32f1xx_it.o(i.EXTI15_10_IRQHandler)
    Error_Handler                            0x08001279   Thumb Code    12  main.o(i.Error_Handler)
    HAL_Delay                                0x08001291   Thumb Code    32  stm32f1xx_hal.o(i.HAL_Delay)
    HAL_GPIO_EXTI_Callback                   0x080012b5   Thumb Code     2  stm32f1xx_hal_gpio.o(i.HAL_GPIO_EXTI_Callback)
    HAL_GPIO_EXTI_IRQHandler                 0x080012b9   Thumb Code    18  stm32f1xx_hal_gpio.o(i.HAL_GPIO_EXTI_IRQHandler)
    HAL_GPIO_Init                            0x080012d1   Thumb Code   446  stm32f1xx_hal_gpio.o(i.HAL_GPIO_Init)
    HAL_GPIO_WritePin                        0x080014b1   Thumb Code    10  stm32f1xx_hal_gpio.o(i.HAL_GPIO_WritePin)
    HAL_GetTick                              0x080014bd   Thumb Code     6  stm32f1xx_hal.o(i.HAL_GetTick)
    HAL_I2C_Init                             0x080014c9   Thumb Code   376  stm32f1xx_hal_i2c.o(i.HAL_I2C_Init)
    HAL_I2C_Mem_Read                         0x08001651   Thumb Code   574  stm32f1xx_hal_i2c.o(i.HAL_I2C_Mem_Read)
    HAL_I2C_Mem_Write                        0x080018a1   Thumb Code   294  stm32f1xx_hal_i2c.o(i.HAL_I2C_Mem_Write)
    HAL_I2C_MspInit                          0x080019d1   Thumb Code    96  stm32f1xx_hal_msp.o(i.HAL_I2C_MspInit)
    HAL_IncTick                              0x08001a41   Thumb Code    12  stm32f1xx_hal.o(i.HAL_IncTick)
    HAL_Init                                 0x08001a51   Thumb Code    32  stm32f1xx_hal.o(i.HAL_Init)
    HAL_InitTick                             0x08001a75   Thumb Code    54  stm32f1xx_hal.o(i.HAL_InitTick)
    HAL_MspInit                              0x08001ab5   Thumb Code    52  stm32f1xx_hal_msp.o(i.HAL_MspInit)
    HAL_NVIC_EnableIRQ                       0x08001af1   Thumb Code    26  stm32f1xx_hal_cortex.o(i.HAL_NVIC_EnableIRQ)
    HAL_NVIC_SetPriority                     0x08001b0d   Thumb Code    60  stm32f1xx_hal_cortex.o(i.HAL_NVIC_SetPriority)
    HAL_NVIC_SetPriorityGrouping             0x08001b4d   Thumb Code    26  stm32f1xx_hal_cortex.o(i.HAL_NVIC_SetPriorityGrouping)
    HAL_RCC_ClockConfig                      0x08001b71   Thumb Code   280  stm32f1xx_hal_rcc.o(i.HAL_RCC_ClockConfig)
    HAL_RCC_GetPCLK1Freq                     0x08001c9d   Thumb Code    20  stm32f1xx_hal_rcc.o(i.HAL_RCC_GetPCLK1Freq)
    HAL_RCC_GetPCLK2Freq                     0x08001cbd   Thumb Code    20  stm32f1xx_hal_rcc.o(i.HAL_RCC_GetPCLK2Freq)
    HAL_RCC_GetSysClockFreq                  0x08001cdd   Thumb Code    74  stm32f1xx_hal_rcc.o(i.HAL_RCC_GetSysClockFreq)
    HAL_RCC_OscConfig                        0x08001d49   Thumb Code   778  stm32f1xx_hal_rcc.o(i.HAL_RCC_OscConfig)
    HAL_SYSTICK_Config                       0x08002069   Thumb Code    40  stm32f1xx_hal_cortex.o(i.HAL_SYSTICK_Config)
    HAL_TIMEx_MasterConfigSynchronization    0x08002091   Thumb Code    92  stm32f1xx_hal_tim_ex.o(i.HAL_TIMEx_MasterConfigSynchronization)
    HAL_TIM_MspPostInit                      0x080020f9   Thumb Code    94  stm32f1xx_hal_msp.o(i.HAL_TIM_MspPostInit)
    HAL_TIM_PWM_ConfigChannel                0x08002169   Thumb Code   198  stm32f1xx_hal_tim.o(i.HAL_TIM_PWM_ConfigChannel)
    HAL_TIM_PWM_Init                         0x0800222f   Thumb Code    90  stm32f1xx_hal_tim.o(i.HAL_TIM_PWM_Init)
    HAL_TIM_PWM_MspInit                      0x08002289   Thumb Code    30  stm32f1xx_hal_msp.o(i.HAL_TIM_PWM_MspInit)
    HAL_TIM_PWM_Start                        0x080022b1   Thumb Code   144  stm32f1xx_hal_tim.o(i.HAL_TIM_PWM_Start)
    HAL_UART_Init                            0x0800234d   Thumb Code    98  stm32f1xx_hal_uart.o(i.HAL_UART_Init)
    HAL_UART_MspInit                         0x080023b1   Thumb Code    78  stm32f1xx_hal_msp.o(i.HAL_UART_MspInit)
    HAL_UART_Transmit                        0x0800240d   Thumb Code   178  stm32f1xx_hal_uart.o(i.HAL_UART_Transmit)
    HardFault_Handler                        0x080024bf   Thumb Code     2  stm32f1xx_it.o(i.HardFault_Handler)
    MPU6050_Orientation                      0x08002891   Thumb Code   264  main.o(i.MPU6050_Orientation)
    MPU6050_Read_Accel                       0x080029b9   Thumb Code   136  mpu6050.o(i.MPU6050_Read_Accel)
    MPU6050_Read_Gyro                        0x08002a49   Thumb Code   140  mpu6050.o(i.MPU6050_Read_Gyro)
    MPU6050_init                             0x08002ae1   Thumb Code   164  mpu6050.o(i.MPU6050_init)
    MPU6050_offset                           0x08002b89   Thumb Code   198  main.o(i.MPU6050_offset)
    MemManage_Handler                        0x08002dd5   Thumb Code     2  stm32f1xx_it.o(i.MemManage_Handler)
    NMI_Handler                              0x08002dd7   Thumb Code     2  stm32f1xx_it.o(i.NMI_Handler)
    PendSV_Handler                           0x08002dd9   Thumb Code     2  stm32f1xx_it.o(i.PendSV_Handler)
    SVC_Handler                              0x08002ddb   Thumb Code     2  stm32f1xx_it.o(i.SVC_Handler)
    SysTick_Handler                          0x08002ddd   Thumb Code     4  stm32f1xx_it.o(i.SysTick_Handler)
    SystemClock_Config                       0x08002de1   Thumb Code    84  main.o(i.SystemClock_Config)
    SystemInit                               0x08002e35   Thumb Code     2  system_stm32f1xx.o(i.SystemInit)
    TIM_Base_SetConfig                       0x08002e39   Thumb Code    94  stm32f1xx_hal_tim.o(i.TIM_Base_SetConfig)
    TIM_CCxChannelCmd                        0x08002ea5   Thumb Code    26  stm32f1xx_hal_tim.o(i.TIM_CCxChannelCmd)
    TIM_OC2_SetConfig                        0x08002f11   Thumb Code    84  stm32f1xx_hal_tim.o(i.TIM_OC2_SetConfig)
    Update_Arm                               0x08003121   Thumb Code    24  util.o(i.Update_Arm)
    Update_Base                              0x08003145   Thumb Code    24  util.o(i.Update_Base)
    Update_Forearm                           0x08003169   Thumb Code    24  util.o(i.Update_Forearm)
    Update_Palm                              0x0800318d   Thumb Code    24  util.o(i.Update_Palm)
    UsageFault_Handler                       0x080031b1   Thumb Code     2  stm32f1xx_it.o(i.UsageFault_Handler)
    __ARM_fpclassify                         0x080031b3   Thumb Code    40  fpclassify.o(i.__ARM_fpclassify)
    __kernel_poly                            0x080031fb   Thumb Code   170  poly.o(i.__kernel_poly)
    __mathlib_dbl_divzero                    0x080032a5   Thumb Code    12  dunder.o(i.__mathlib_dbl_divzero)
    __mathlib_dbl_infnan                     0x080032b5   Thumb Code     6  dunder.o(i.__mathlib_dbl_infnan)
    __mathlib_dbl_infnan2                    0x080032bb   Thumb Code     4  dunder.o(i.__mathlib_dbl_infnan2)
    __mathlib_dbl_invalid                    0x080032bf   Thumb Code    12  dunder.o(i.__mathlib_dbl_invalid)
    __mathlib_dbl_overflow                   0x080032cb   Thumb Code    14  dunder.o(i.__mathlib_dbl_overflow)
    __mathlib_dbl_underflow                  0x080032d9   Thumb Code    10  dunder.o(i.__mathlib_dbl_underflow)
    atan                                     0x080032e9   Thumb Code   474  atan.o(i.atan)
    debugPrintln                             0x08003509   Thumb Code    44  main.o(i.debugPrintln)
    delay                                    0x08003539   Thumb Code     6  util.o(i.delay)
    flex_to_claw                             0x08003541   Thumb Code   136  util.o(i.flex_to_claw)
    main                                     0x080035f9   Thumb Code   264  main.o(i.main)
    pow                                      0x0800371d   Thumb Code  2512  pow.o(i.pow)
    print_flex                               0x080040f5   Thumb Code    56  main.o(i.print_flex)
    sqrt                                     0x08004135   Thumb Code    76  sqrt.o(i.sqrt)
    _get_lc_numeric                          0x08004181   Thumb Code    44  lc_numeric_c.o(locale$$code)
    __aeabi_d2f                              0x080041ad   Thumb Code     0  d2f.o(x$fpl$d2f)
    _d2f                                     0x080041ad   Thumb Code    98  d2f.o(x$fpl$d2f)
    __aeabi_dadd                             0x08004211   Thumb Code     0  daddsub_clz.o(x$fpl$dadd)
    _dadd                                    0x08004211   Thumb Code   332  daddsub_clz.o(x$fpl$dadd)
    __fpl_dcheck_NaN1                        0x08004361   Thumb Code    10  dcheck1.o(x$fpl$dcheck1)
    __fpl_dcmp_Inf                           0x08004371   Thumb Code    24  dcmpi.o(x$fpl$dcmpinf)
    __aeabi_ddiv                             0x08004389   Thumb Code     0  ddiv.o(x$fpl$ddiv)
    _ddiv                                    0x08004389   Thumb Code   552  ddiv.o(x$fpl$ddiv)
    __aeabi_i2d                              0x08004639   Thumb Code     0  dflt_clz.o(x$fpl$dflt)
    _dflt                                    0x08004639   Thumb Code    46  dflt_clz.o(x$fpl$dflt)
    __aeabi_cdcmple                          0x08004669   Thumb Code     0  dleqf.o(x$fpl$dleqf)
    _dcmple                                  0x08004669   Thumb Code   120  dleqf.o(x$fpl$dleqf)
    __fpl_dcmple_InfNaN                      0x080046cb   Thumb Code     0  dleqf.o(x$fpl$dleqf)
    __aeabi_dmul                             0x080046e1   Thumb Code     0  dmul.o(x$fpl$dmul)
    _dmul                                    0x080046e1   Thumb Code   332  dmul.o(x$fpl$dmul)
    __fpl_dnaninf                            0x08004835   Thumb Code   156  dnaninf.o(x$fpl$dnaninf)
    __fpl_dretinf                            0x080048d1   Thumb Code    12  dretinf.o(x$fpl$dretinf)
    __aeabi_cdrcmple                         0x080048dd   Thumb Code     0  drleqf.o(x$fpl$drleqf)
    _drcmple                                 0x080048dd   Thumb Code   108  drleqf.o(x$fpl$drleqf)
    __aeabi_drsub                            0x08004949   Thumb Code     0  daddsub_clz.o(x$fpl$drsb)
    _drsb                                    0x08004949   Thumb Code    22  daddsub_clz.o(x$fpl$drsb)
    _dsqrt                                   0x08004961   Thumb Code   456  dsqrt_noumaal.o(x$fpl$dsqrt)
    __aeabi_dsub                             0x08004b2d   Thumb Code     0  daddsub_clz.o(x$fpl$dsub)
    _dsub                                    0x08004b2d   Thumb Code   464  daddsub_clz.o(x$fpl$dsub)
    __aeabi_f2d                              0x08004d01   Thumb Code     0  f2d.o(x$fpl$f2d)
    _f2d                                     0x08004d01   Thumb Code    86  f2d.o(x$fpl$f2d)
    __aeabi_fadd                             0x08004d59   Thumb Code     0  faddsub_clz.o(x$fpl$fadd)
    _fadd                                    0x08004d59   Thumb Code   196  faddsub_clz.o(x$fpl$fadd)
    __aeabi_fdiv                             0x08004e1d   Thumb Code     0  fdiv.o(x$fpl$fdiv)
    _fdiv                                    0x08004e1d   Thumb Code   384  fdiv.o(x$fpl$fdiv)
    __aeabi_f2uiz                            0x08004fa1   Thumb Code     0  ffixu.o(x$fpl$ffixu)
    _ffixu                                   0x08004fa1   Thumb Code    62  ffixu.o(x$fpl$ffixu)
    __aeabi_ui2f                             0x08004fe1   Thumb Code     0  fflt_clz.o(x$fpl$ffltu)
    _ffltu                                   0x08004fe1   Thumb Code    38  fflt_clz.o(x$fpl$ffltu)
    __aeabi_fmul                             0x08005009   Thumb Code     0  fmul.o(x$fpl$fmul)
    _fmul                                    0x08005009   Thumb Code   258  fmul.o(x$fpl$fmul)
    __fpl_fnaninf                            0x0800510b   Thumb Code   140  fnaninf.o(x$fpl$fnaninf)
    __fpl_fretinf                            0x08005197   Thumb Code    10  fretinf.o(x$fpl$fretinf)
    __aeabi_fsub                             0x080051a1   Thumb Code     0  faddsub_clz.o(x$fpl$fsub)
    _fsub                                    0x080051a1   Thumb Code   234  faddsub_clz.o(x$fpl$fsub)
    _printf_fp_dec                           0x0800528b   Thumb Code     4  printf1.o(x$fpl$printf1)
    __fpl_return_NaN                         0x0800528f   Thumb Code   100  retnan.o(x$fpl$retnan)
    __ARM_scalbn                             0x080052f3   Thumb Code    92  scalbn.o(x$fpl$scalbn)
    __fpl_cmpreturn                          0x0800534f   Thumb Code    48  trapv.o(x$fpl$trapveneer)
    AHBPrescTable                            0x0800537e   Data          16  system_stm32f1xx.o(.constdata)
    __I$use$fp                               0x0800537e   Number         0  usenofp.o(x$fpl$usenofp)
    APBPrescTable                            0x0800538e   Data           8  system_stm32f1xx.o(.constdata)
    __mathlib_zero                           0x080054b8   Data           8  qnan.o(.constdata)
    Region$$Table$$Base                      0x08005554   Number         0  anon$$obj.o(Region$$Table)
    Region$$Table$$Limit                     0x08005574   Number         0  anon$$obj.o(Region$$Table)
    Accel_X_RAW                              0x20000000   Data           2  mpu6050.o(.data)
    Accel_Y_RAW                              0x20000002   Data           2  mpu6050.o(.data)
    Accel_Z_RAW                              0x20000004   Data           2  mpu6050.o(.data)
    Gyro_X_RAW                               0x20000006   Data           2  mpu6050.o(.data)
    Gyro_Y_RAW                               0x20000008   Data           2  mpu6050.o(.data)
    Gyro_Z_RAW                               0x2000000a   Data           2  mpu6050.o(.data)
    ax_offset                                0x2000000c   Data           4  main.o(.data)
    ay_offset                                0x20000010   Data           4  main.o(.data)
    az_offset                                0x20000014   Data           4  main.o(.data)
    gx_offset                                0x20000018   Data           4  main.o(.data)
    gy_offset                                0x2000001c   Data           4  main.o(.data)
    gz_offset                                0x20000020   Data           4  main.o(.data)
    accX                                     0x20000024   Data           4  main.o(.data)
    accY                                     0x20000028   Data           4  main.o(.data)
    accZ                                     0x2000002c   Data           4  main.o(.data)
    gyroX                                    0x20000030   Data           4  main.o(.data)
    gyroY                                    0x20000034   Data           4  main.o(.data)
    gyroZ                                    0x20000038   Data           4  main.o(.data)
    roll                                     0x2000003c   Data           4  main.o(.data)
    pitch                                    0x20000040   Data           4  main.o(.data)
    yaw                                      0x20000044   Data           4  main.o(.data)
    elapsedTime                              0x20000048   Data           4  main.o(.data)
    currentTime                              0x2000004c   Data           4  main.o(.data)
    previousTime                             0x20000050   Data           4  main.o(.data)
    uwTickFreq                               0x20000054   Data           1  stm32f1xx_hal.o(.data)
    uwTickPrio                               0x20000058   Data           4  stm32f1xx_hal.o(.data)
    uwTick                                   0x2000005c   Data           4  stm32f1xx_hal.o(.data)
    SystemCoreClock                          0x20000060   Data           4  system_stm32f1xx.o(.data)
    hi2c1                                    0x20000064   Data          84  main.o(.bss)
    htim3                                    0x200000b8   Data          72  main.o(.bss)
    huart2                                   0x20000100   Data          68  main.o(.bss)
    __libspace_start                         0x20000144   Data          96  libspace.o(.bss)
    __temporary_stack_top$libspace           0x200001a4   Data           0  libspace.o(.bss)



==============================================================================

Memory Map of the image

  Image Entry point : 0x080000ed

  Load Region LR_IROM1 (Base: 0x08000000, Size: 0x000055f4, Max: 0x00020000, ABSOLUTE)

    Execution Region ER_IROM1 (Exec base: 0x08000000, Load base: 0x08000000, Size: 0x00005590, Max: 0x00020000, ABSOLUTE)

    Exec Addr    Load Addr    Size         Type   Attr      Idx    E Section Name        Object

    0x08000000   0x08000000   0x000000ec   Data   RO            3    RESET               startup_stm32f103xb.o
    0x080000ec   0x080000ec   0x00000008   Code   RO         3401  * !!!main             c_w.l(__main.o)
    0x080000f4   0x080000f4   0x00000034   Code   RO         3735    !!!scatter          c_w.l(__scatter.o)
    0x08000128   0x08000128   0x0000001a   Code   RO         3737    !!handler_copy      c_w.l(__scatter_copy.o)
    0x08000142   0x08000142   0x00000002   PAD
    0x08000144   0x08000144   0x0000001c   Code   RO         3739    !!handler_zi        c_w.l(__scatter_zi.o)
    0x08000160   0x08000160   0x00000000   Code   RO         3394    .ARM.Collect$$_printf_percent$$00000000  c_w.l(_printf_percent.o)
    0x08000160   0x08000160   0x00000006   Code   RO         3393    .ARM.Collect$$_printf_percent$$00000003  c_w.l(_printf_f.o)
    0x08000166   0x08000166   0x00000004   Code   RO         3488    .ARM.Collect$$_printf_percent$$00000017  c_w.l(_printf_percent_end.o)
    0x0800016a   0x0800016a   0x00000002   Code   RO         3604    .ARM.Collect$$libinit$$00000000  c_w.l(libinit.o)
    0x0800016c   0x0800016c   0x00000000   Code   RO         3606    .ARM.Collect$$libinit$$00000002  c_w.l(libinit2.o)
    0x0800016c   0x0800016c   0x00000000   Code   RO         3608    .ARM.Collect$$libinit$$00000004  c_w.l(libinit2.o)
    0x0800016c   0x0800016c   0x00000000   Code   RO         3611    .ARM.Collect$$libinit$$0000000A  c_w.l(libinit2.o)
    0x0800016c   0x0800016c   0x00000000   Code   RO         3613    .ARM.Collect$$libinit$$0000000C  c_w.l(libinit2.o)
    0x0800016c   0x0800016c   0x00000000   Code   RO         3615    .ARM.Collect$$libinit$$0000000E  c_w.l(libinit2.o)
    0x0800016c   0x0800016c   0x00000006   Code   RO         3616    .ARM.Collect$$libinit$$0000000F  c_w.l(libinit2.o)
    0x08000172   0x08000172   0x00000000   Code   RO         3618    .ARM.Collect$$libinit$$00000011  c_w.l(libinit2.o)
    0x08000172   0x08000172   0x00000000   Code   RO         3620    .ARM.Collect$$libinit$$00000013  c_w.l(libinit2.o)
    0x08000172   0x08000172   0x00000000   Code   RO         3622    .ARM.Collect$$libinit$$00000015  c_w.l(libinit2.o)
    0x08000172   0x08000172   0x0000000a   Code   RO         3623    .ARM.Collect$$libinit$$00000016  c_w.l(libinit2.o)
    0x0800017c   0x0800017c   0x00000000   Code   RO         3624    .ARM.Collect$$libinit$$00000017  c_w.l(libinit2.o)
    0x0800017c   0x0800017c   0x00000000   Code   RO         3626    .ARM.Collect$$libinit$$00000019  c_w.l(libinit2.o)
    0x0800017c   0x0800017c   0x00000000   Code   RO         3628    .ARM.Collect$$libinit$$0000001B  c_w.l(libinit2.o)
    0x0800017c   0x0800017c   0x00000000   Code   RO         3630    .ARM.Collect$$libinit$$0000001D  c_w.l(libinit2.o)
    0x0800017c   0x0800017c   0x00000000   Code   RO         3632    .ARM.Collect$$libinit$$0000001F  c_w.l(libinit2.o)
    0x0800017c   0x0800017c   0x00000000   Code   RO         3634    .ARM.Collect$$libinit$$00000021  c_w.l(libinit2.o)
    0x0800017c   0x0800017c   0x00000000   Code   RO         3636    .ARM.Collect$$libinit$$00000023  c_w.l(libinit2.o)
    0x0800017c   0x0800017c   0x00000000   Code   RO         3638    .ARM.Collect$$libinit$$00000025  c_w.l(libinit2.o)
    0x0800017c   0x0800017c   0x00000000   Code   RO         3642    .ARM.Collect$$libinit$$0000002C  c_w.l(libinit2.o)
    0x0800017c   0x0800017c   0x00000000   Code   RO         3644    .ARM.Collect$$libinit$$0000002E  c_w.l(libinit2.o)
    0x0800017c   0x0800017c   0x00000000   Code   RO         3646    .ARM.Collect$$libinit$$00000030  c_w.l(libinit2.o)
    0x0800017c   0x0800017c   0x00000000   Code   RO         3648    .ARM.Collect$$libinit$$00000032  c_w.l(libinit2.o)
    0x0800017c   0x0800017c   0x00000002   Code   RO         3649    .ARM.Collect$$libinit$$00000033  c_w.l(libinit2.o)
    0x0800017e   0x0800017e   0x00000002   Code   RO         3681    .ARM.Collect$$libshutdown$$00000000  c_w.l(libshutdown.o)
    0x08000180   0x08000180   0x00000000   Code   RO         3692    .ARM.Collect$$libshutdown$$00000002  c_w.l(libshutdown2.o)
    0x08000180   0x08000180   0x00000000   Code   RO         3694    .ARM.Collect$$libshutdown$$00000004  c_w.l(libshutdown2.o)
    0x08000180   0x08000180   0x00000000   Code   RO         3696    .ARM.Collect$$libshutdown$$00000006  c_w.l(libshutdown2.o)
    0x08000180   0x08000180   0x00000000   Code   RO         3699    .ARM.Collect$$libshutdown$$00000009  c_w.l(libshutdown2.o)
    0x08000180   0x08000180   0x00000000   Code   RO         3702    .ARM.Collect$$libshutdown$$0000000C  c_w.l(libshutdown2.o)
    0x08000180   0x08000180   0x00000000   Code   RO         3704    .ARM.Collect$$libshutdown$$0000000E  c_w.l(libshutdown2.o)
    0x08000180   0x08000180   0x00000000   Code   RO         3707    .ARM.Collect$$libshutdown$$00000011  c_w.l(libshutdown2.o)
    0x08000180   0x08000180   0x00000002   Code   RO         3708    .ARM.Collect$$libshutdown$$00000012  c_w.l(libshutdown2.o)
    0x08000182   0x08000182   0x00000000   Code   RO         3479    .ARM.Collect$$rtentry$$00000000  c_w.l(__rtentry.o)
    0x08000182   0x08000182   0x00000000   Code   RO         3526    .ARM.Collect$$rtentry$$00000002  c_w.l(__rtentry2.o)
    0x08000182   0x08000182   0x00000006   Code   RO         3538    .ARM.Collect$$rtentry$$00000004  c_w.l(__rtentry4.o)
    0x08000188   0x08000188   0x00000000   Code   RO         3528    .ARM.Collect$$rtentry$$00000009  c_w.l(__rtentry2.o)
    0x08000188   0x08000188   0x00000004   Code   RO         3529    .ARM.Collect$$rtentry$$0000000A  c_w.l(__rtentry2.o)
    0x0800018c   0x0800018c   0x00000000   Code   RO         3531    .ARM.Collect$$rtentry$$0000000C  c_w.l(__rtentry2.o)
    0x0800018c   0x0800018c   0x00000008   Code   RO         3532    .ARM.Collect$$rtentry$$0000000D  c_w.l(__rtentry2.o)
    0x08000194   0x08000194   0x00000002   Code   RO         3652    .ARM.Collect$$rtexit$$00000000  c_w.l(rtexit.o)
    0x08000196   0x08000196   0x00000000   Code   RO         3659    .ARM.Collect$$rtexit$$00000002  c_w.l(rtexit2.o)
    0x08000196   0x08000196   0x00000004   Code   RO         3660    .ARM.Collect$$rtexit$$00000003  c_w.l(rtexit2.o)
    0x0800019a   0x0800019a   0x00000006   Code   RO         3661    .ARM.Collect$$rtexit$$00000004  c_w.l(rtexit2.o)
    0x080001a0   0x080001a0   0x00000040   Code   RO            4    .text               startup_stm32f103xb.o
    0x080001e0   0x080001e0   0x00000028   Code   RO         3369    .text               c_w.l(noretval__2sprintf.o)
    0x08000208   0x08000208   0x00000068   Code   RO         3371    .text               c_w.l(__printf.o)
    0x08000270   0x08000270   0x0000003e   Code   RO         3395    .text               c_w.l(strlen.o)
    0x080002ae   0x080002ae   0x0000004e   Code   RO         3397    .text               c_w.l(rt_memclr_w.o)
    0x080002fc   0x080002fc   0x00000006   Code   RO         3399    .text               c_w.l(heapauxi.o)
    0x08000302   0x08000302   0x00000016   Code   RO         3480    .text               c_w.l(_rserrno.o)
    0x08000318   0x08000318   0x0000041e   Code   RO         3482    .text               c_w.l(_printf_fp_dec.o)
    0x08000736   0x08000736   0x00000002   PAD
    0x08000738   0x08000738   0x00000030   Code   RO         3484    .text               c_w.l(_printf_char_common.o)
    0x08000768   0x08000768   0x0000000a   Code   RO         3486    .text               c_w.l(_sputc.o)
    0x08000772   0x08000772   0x00000002   PAD
    0x08000774   0x08000774   0x00000008   Code   RO         3543    .text               c_w.l(rt_locale_intlibspace.o)
    0x0800077c   0x0800077c   0x00000008   Code   RO         3548    .text               c_w.l(rt_errno_addr_intlibspace.o)
    0x08000784   0x08000784   0x0000008a   Code   RO         3550    .text               c_w.l(lludiv10.o)
    0x0800080e   0x0800080e   0x00000002   PAD
    0x08000810   0x08000810   0x00000080   Code   RO         3552    .text               c_w.l(_printf_fp_infnan.o)
    0x08000890   0x08000890   0x000000e4   Code   RO         3556    .text               c_w.l(bigflt0.o)
    0x08000974   0x08000974   0x00000008   Code   RO         3590    .text               c_w.l(libspace.o)
    0x0800097c   0x0800097c   0x0000004a   Code   RO         3593    .text               c_w.l(sys_stackheap_outer.o)
    0x080009c6   0x080009c6   0x00000012   Code   RO         3595    .text               c_w.l(exit.o)
    0x080009d8   0x080009d8   0x00000080   Code   RO         3597    .text               c_w.l(strcmpv7m.o)
    0x08000a58   0x08000a58   0x0000000c   Code   RO         3671    .text               c_w.l(sys_exit.o)
    0x08000a64   0x08000a64   0x00000002   Code   RO         3682    .text               c_w.l(use_no_semi.o)
    0x08000a66   0x08000a66   0x00000000   Code   RO         3684    .text               c_w.l(indicate_semi.o)
    0x08000a66   0x08000a66   0x0000003e   Code   RO         3559    CL$$btod_d2e        c_w.l(btod.o)
    0x08000aa4   0x08000aa4   0x00000046   Code   RO         3561    CL$$btod_d2e_denorm_low  c_w.l(btod.o)
    0x08000aea   0x08000aea   0x00000060   Code   RO         3560    CL$$btod_d2e_norm_op1  c_w.l(btod.o)
    0x08000b4a   0x08000b4a   0x00000338   Code   RO         3569    CL$$btod_div_common  c_w.l(btod.o)
    0x08000e82   0x08000e82   0x000000dc   Code   RO         3566    CL$$btod_e2e        c_w.l(btod.o)
    0x08000f5e   0x08000f5e   0x0000002a   Code   RO         3563    CL$$btod_ediv       c_w.l(btod.o)
    0x08000f88   0x08000f88   0x0000002a   Code   RO         3562    CL$$btod_emul       c_w.l(btod.o)
    0x08000fb2   0x08000fb2   0x00000244   Code   RO         3568    CL$$btod_mult_common  c_w.l(btod.o)
    0x080011f6   0x080011f6   0x00000002   PAD
    0x080011f8   0x080011f8   0x00000014   Code   RO          433    i.ADC_Setup         util.o
    0x0800120c   0x0800120c   0x00000018   Code   RO          434    i.ADC_Start         util.o
    0x08001224   0x08001224   0x00000030   Code   RO          435    i.ADC_init          util.o
    0x08001254   0x08001254   0x00000018   Code   RO          436    i.ADC_read          util.o
    0x0800126c   0x0800126c   0x00000002   Code   RO          286    i.BusFault_Handler  stm32f1xx_it.o
    0x0800126e   0x0800126e   0x00000002   Code   RO          287    i.DebugMon_Handler  stm32f1xx_it.o
    0x08001270   0x08001270   0x00000008   Code   RO          288    i.EXTI15_10_IRQHandler  stm32f1xx_it.o
    0x08001278   0x08001278   0x00000018   Code   RO          156    i.Error_Handler     main.o
    0x08001290   0x08001290   0x00000024   Code   RO         1030    i.HAL_Delay         stm32f1xx_hal.o
    0x080012b4   0x080012b4   0x00000002   Code   RO         1336    i.HAL_GPIO_EXTI_Callback  stm32f1xx_hal_gpio.o
    0x080012b6   0x080012b6   0x00000002   PAD
    0x080012b8   0x080012b8   0x00000018   Code   RO         1337    i.HAL_GPIO_EXTI_IRQHandler  stm32f1xx_hal_gpio.o
    0x080012d0   0x080012d0   0x000001e0   Code   RO         1338    i.HAL_GPIO_Init     stm32f1xx_hal_gpio.o
    0x080014b0   0x080014b0   0x0000000a   Code   RO         1342    i.HAL_GPIO_WritePin  stm32f1xx_hal_gpio.o
    0x080014ba   0x080014ba   0x00000002   PAD
    0x080014bc   0x080014bc   0x0000000c   Code   RO         1034    i.HAL_GetTick       stm32f1xx_hal.o
    0x080014c8   0x080014c8   0x00000188   Code   RO          602    i.HAL_I2C_Init      stm32f1xx_hal_i2c.o
    0x08001650   0x08001650   0x00000250   Code   RO          620    i.HAL_I2C_Mem_Read  stm32f1xx_hal_i2c.o
    0x080018a0   0x080018a0   0x00000130   Code   RO          623    i.HAL_I2C_Mem_Write  stm32f1xx_hal_i2c.o
    0x080019d0   0x080019d0   0x00000070   Code   RO          368    i.HAL_I2C_MspInit   stm32f1xx_hal_msp.o
    0x08001a40   0x08001a40   0x00000010   Code   RO         1040    i.HAL_IncTick       stm32f1xx_hal.o
    0x08001a50   0x08001a50   0x00000024   Code   RO         1041    i.HAL_Init          stm32f1xx_hal.o
    0x08001a74   0x08001a74   0x00000040   Code   RO         1042    i.HAL_InitTick      stm32f1xx_hal.o
    0x08001ab4   0x08001ab4   0x0000003c   Code   RO          369    i.HAL_MspInit       stm32f1xx_hal_msp.o
    0x08001af0   0x08001af0   0x0000001a   Code   RO         1498    i.HAL_NVIC_EnableIRQ  stm32f1xx_hal_cortex.o
    0x08001b0a   0x08001b0a   0x00000002   PAD
    0x08001b0c   0x08001b0c   0x00000040   Code   RO         1504    i.HAL_NVIC_SetPriority  stm32f1xx_hal_cortex.o
    0x08001b4c   0x08001b4c   0x00000024   Code   RO         1505    i.HAL_NVIC_SetPriorityGrouping  stm32f1xx_hal_cortex.o
    0x08001b70   0x08001b70   0x0000012c   Code   RO         1198    i.HAL_RCC_ClockConfig  stm32f1xx_hal_rcc.o
    0x08001c9c   0x08001c9c   0x00000020   Code   RO         1205    i.HAL_RCC_GetPCLK1Freq  stm32f1xx_hal_rcc.o
    0x08001cbc   0x08001cbc   0x00000020   Code   RO         1206    i.HAL_RCC_GetPCLK2Freq  stm32f1xx_hal_rcc.o
    0x08001cdc   0x08001cdc   0x0000006c   Code   RO         1207    i.HAL_RCC_GetSysClockFreq  stm32f1xx_hal_rcc.o
    0x08001d48   0x08001d48   0x00000320   Code   RO         1210    i.HAL_RCC_OscConfig  stm32f1xx_hal_rcc.o
    0x08002068   0x08002068   0x00000028   Code   RO         1509    i.HAL_SYSTICK_Config  stm32f1xx_hal_cortex.o
    0x08002090   0x08002090   0x00000068   Code   RO         2723    i.HAL_TIMEx_MasterConfigSynchronization  stm32f1xx_hal_tim_ex.o
    0x080020f8   0x080020f8   0x00000070   Code   RO          370    i.HAL_TIM_MspPostInit  stm32f1xx_hal_msp.o
    0x08002168   0x08002168   0x000000c6   Code   RO         2072    i.HAL_TIM_PWM_ConfigChannel  stm32f1xx_hal_tim.o
    0x0800222e   0x0800222e   0x0000005a   Code   RO         2075    i.HAL_TIM_PWM_Init  stm32f1xx_hal_tim.o
    0x08002288   0x08002288   0x00000028   Code   RO          372    i.HAL_TIM_PWM_MspInit  stm32f1xx_hal_msp.o
    0x080022b0   0x080022b0   0x0000009c   Code   RO         2080    i.HAL_TIM_PWM_Start  stm32f1xx_hal_tim.o
    0x0800234c   0x0800234c   0x00000062   Code   RO         3000    i.HAL_UART_Init     stm32f1xx_hal_uart.o
    0x080023ae   0x080023ae   0x00000002   PAD
    0x080023b0   0x080023b0   0x0000005c   Code   RO          374    i.HAL_UART_MspInit  stm32f1xx_hal_msp.o
    0x0800240c   0x0800240c   0x000000b2   Code   RO         3008    i.HAL_UART_Transmit  stm32f1xx_hal_uart.o
    0x080024be   0x080024be   0x00000002   Code   RO          289    i.HardFault_Handler  stm32f1xx_it.o
    0x080024c0   0x080024c0   0x0000002e   Code   RO          644    i.I2C_IsAcknowledgeFailed  stm32f1xx_hal_i2c.o
    0x080024ee   0x080024ee   0x00000002   PAD
    0x080024f0   0x080024f0   0x000000fc   Code   RO          654    i.I2C_RequestMemoryRead  stm32f1xx_hal_i2c.o
    0x080025ec   0x080025ec   0x000000a8   Code   RO          655    i.I2C_RequestMemoryWrite  stm32f1xx_hal_i2c.o
    0x08002694   0x08002694   0x0000004c   Code   RO          659    i.I2C_WaitOnBTFFlagUntilTimeout  stm32f1xx_hal_i2c.o
    0x080026e0   0x080026e0   0x00000068   Code   RO          660    i.I2C_WaitOnFlagUntilTimeout  stm32f1xx_hal_i2c.o
    0x08002748   0x08002748   0x00000096   Code   RO          661    i.I2C_WaitOnMasterAddressFlagUntilTimeout  stm32f1xx_hal_i2c.o
    0x080027de   0x080027de   0x00000066   Code   RO          662    i.I2C_WaitOnRXNEFlagUntilTimeout  stm32f1xx_hal_i2c.o
    0x08002844   0x08002844   0x0000004c   Code   RO          663    i.I2C_WaitOnTXEFlagUntilTimeout  stm32f1xx_hal_i2c.o
    0x08002890   0x08002890   0x00000128   Code   RO          157    i.MPU6050_Orientation  main.o
    0x080029b8   0x080029b8   0x00000090   Code   RO           13    i.MPU6050_Read_Accel  mpu6050.o
    0x08002a48   0x08002a48   0x00000098   Code   RO           15    i.MPU6050_Read_Gyro  mpu6050.o
    0x08002ae0   0x08002ae0   0x000000a8   Code   RO           17    i.MPU6050_init      mpu6050.o
    0x08002b88   0x08002b88   0x000000d8   Code   RO          159    i.MPU6050_offset    main.o
    0x08002c60   0x08002c60   0x000000a8   Code   RO          160    i.MX_GPIO_Init      main.o
    0x08002d08   0x08002d08   0x0000003c   Code   RO          161    i.MX_I2C1_Init      main.o
    0x08002d44   0x08002d44   0x00000090   Code   RO          162    i.MX_TIM3_Init      main.o
    0x08002dd4   0x08002dd4   0x00000002   Code   RO          290    i.MemManage_Handler  stm32f1xx_it.o
    0x08002dd6   0x08002dd6   0x00000002   Code   RO          291    i.NMI_Handler       stm32f1xx_it.o
    0x08002dd8   0x08002dd8   0x00000002   Code   RO          292    i.PendSV_Handler    stm32f1xx_it.o
    0x08002dda   0x08002dda   0x00000002   Code   RO          293    i.SVC_Handler       stm32f1xx_it.o
    0x08002ddc   0x08002ddc   0x00000004   Code   RO          294    i.SysTick_Handler   stm32f1xx_it.o
    0x08002de0   0x08002de0   0x00000054   Code   RO          163    i.SystemClock_Config  main.o
    0x08002e34   0x08002e34   0x00000002   Code   RO         3329    i.SystemInit        system_stm32f1xx.o
    0x08002e36   0x08002e36   0x00000002   PAD
    0x08002e38   0x08002e38   0x0000006c   Code   RO         2093    i.TIM_Base_SetConfig  stm32f1xx_hal_tim.o
    0x08002ea4   0x08002ea4   0x0000001a   Code   RO         2094    i.TIM_CCxChannelCmd  stm32f1xx_hal_tim.o
    0x08002ebe   0x08002ebe   0x00000002   PAD
    0x08002ec0   0x08002ec0   0x00000050   Code   RO         2106    i.TIM_OC1_SetConfig  stm32f1xx_hal_tim.o
    0x08002f10   0x08002f10   0x00000058   Code   RO         2107    i.TIM_OC2_SetConfig  stm32f1xx_hal_tim.o
    0x08002f68   0x08002f68   0x00000058   Code   RO         2108    i.TIM_OC3_SetConfig  stm32f1xx_hal_tim.o
    0x08002fc0   0x08002fc0   0x00000044   Code   RO         2109    i.TIM_OC4_SetConfig  stm32f1xx_hal_tim.o
    0x08003004   0x08003004   0x000000b8   Code   RO         3026    i.UART_SetConfig    stm32f1xx_hal_uart.o
    0x080030bc   0x080030bc   0x00000064   Code   RO         3029    i.UART_WaitOnFlagUntilTimeout  stm32f1xx_hal_uart.o
    0x08003120   0x08003120   0x00000024   Code   RO          437    i.Update_Arm        util.o
    0x08003144   0x08003144   0x00000024   Code   RO          438    i.Update_Base       util.o
    0x08003168   0x08003168   0x00000024   Code   RO          439    i.Update_Forearm    util.o
    0x0800318c   0x0800318c   0x00000024   Code   RO          440    i.Update_Palm       util.o
    0x080031b0   0x080031b0   0x00000002   Code   RO          295    i.UsageFault_Handler  stm32f1xx_it.o
    0x080031b2   0x080031b2   0x00000028   Code   RO         3520    i.__ARM_fpclassify  m_ws.l(fpclassify.o)
    0x080031da   0x080031da   0x00000020   Code   RO         1511    i.__NVIC_SetPriority  stm32f1xx_hal_cortex.o
    0x080031fa   0x080031fa   0x000000aa   Code   RO         3522    i.__kernel_poly     m_ws.l(poly.o)
    0x080032a4   0x080032a4   0x00000010   Code   RO         3506    i.__mathlib_dbl_divzero  m_ws.l(dunder.o)
    0x080032b4   0x080032b4   0x00000006   Code   RO         3507    i.__mathlib_dbl_infnan  m_ws.l(dunder.o)
    0x080032ba   0x080032ba   0x00000004   Code   RO         3508    i.__mathlib_dbl_infnan2  m_ws.l(dunder.o)
    0x080032be   0x080032be   0x0000000c   Code   RO         3509    i.__mathlib_dbl_invalid  m_ws.l(dunder.o)
    0x080032ca   0x080032ca   0x0000000e   Code   RO         3510    i.__mathlib_dbl_overflow  m_ws.l(dunder.o)
    0x080032d8   0x080032d8   0x00000010   Code   RO         3512    i.__mathlib_dbl_underflow  m_ws.l(dunder.o)
    0x080032e8   0x080032e8   0x00000220   Code   RO         3452    i.atan              m_ws.l(atan.o)
    0x08003508   0x08003508   0x00000030   Code   RO          165    i.debugPrintln      main.o
    0x08003538   0x08003538   0x00000006   Code   RO          441    i.delay             util.o
    0x0800353e   0x0800353e   0x00000002   PAD
    0x08003540   0x08003540   0x000000b8   Code   RO          442    i.flex_to_claw      util.o
    0x080035f8   0x080035f8   0x00000124   Code   RO          166    i.main              main.o
    0x0800371c   0x0800371c   0x000009d8   Code   RO         3462    i.pow               m_ws.l(pow.o)
    0x080040f4   0x080040f4   0x00000040   Code   RO          167    i.print_flex        main.o
    0x08004134   0x08004134   0x0000004c   Code   RO         3472    i.sqrt              m_ws.l(sqrt.o)
    0x08004180   0x08004180   0x0000002c   Code   RO         3582    locale$$code        c_w.l(lc_numeric_c.o)
    0x080041ac   0x080041ac   0x00000062   Code   RO         3403    x$fpl$d2f           fz_ws.l(d2f.o)
    0x0800420e   0x0800420e   0x00000002   PAD
    0x08004210   0x08004210   0x00000150   Code   RO         3405    x$fpl$dadd          fz_ws.l(daddsub_clz.o)
    0x08004360   0x08004360   0x00000010   Code   RO         3489    x$fpl$dcheck1       fz_ws.l(dcheck1.o)
    0x08004370   0x08004370   0x00000018   Code   RO         3584    x$fpl$dcmpinf       fz_ws.l(dcmpi.o)
    0x08004388   0x08004388   0x000002b0   Code   RO         3412    x$fpl$ddiv          fz_ws.l(ddiv.o)
    0x08004638   0x08004638   0x0000002e   Code   RO         3416    x$fpl$dflt          fz_ws.l(dflt_clz.o)
    0x08004666   0x08004666   0x00000002   PAD
    0x08004668   0x08004668   0x00000078   Code   RO         3491    x$fpl$dleqf         fz_ws.l(dleqf.o)
    0x080046e0   0x080046e0   0x00000154   Code   RO         3421    x$fpl$dmul          fz_ws.l(dmul.o)
    0x08004834   0x08004834   0x0000009c   Code   RO         3493    x$fpl$dnaninf       fz_ws.l(dnaninf.o)
    0x080048d0   0x080048d0   0x0000000c   Code   RO         3495    x$fpl$dretinf       fz_ws.l(dretinf.o)
    0x080048dc   0x080048dc   0x0000006c   Code   RO         3497    x$fpl$drleqf        fz_ws.l(drleqf.o)
    0x08004948   0x08004948   0x00000016   Code   RO         3406    x$fpl$drsb          fz_ws.l(daddsub_clz.o)
    0x0800495e   0x0800495e   0x00000002   PAD
    0x08004960   0x08004960   0x000001cc   Code   RO         3499    x$fpl$dsqrt         fz_ws.l(dsqrt_noumaal.o)
    0x08004b2c   0x08004b2c   0x000001d4   Code   RO         3407    x$fpl$dsub          fz_ws.l(daddsub_clz.o)
    0x08004d00   0x08004d00   0x00000056   Code   RO         3423    x$fpl$f2d           fz_ws.l(f2d.o)
    0x08004d56   0x08004d56   0x00000002   PAD
    0x08004d58   0x08004d58   0x000000c4   Code   RO         3425    x$fpl$fadd          fz_ws.l(faddsub_clz.o)
    0x08004e1c   0x08004e1c   0x00000184   Code   RO         3432    x$fpl$fdiv          fz_ws.l(fdiv.o)
    0x08004fa0   0x08004fa0   0x0000003e   Code   RO         3435    x$fpl$ffixu         fz_ws.l(ffixu.o)
    0x08004fde   0x08004fde   0x00000002   PAD
    0x08004fe0   0x08004fe0   0x00000026   Code   RO         3439    x$fpl$ffltu         fz_ws.l(fflt_clz.o)
    0x08005006   0x08005006   0x00000002   PAD
    0x08005008   0x08005008   0x00000102   Code   RO         3445    x$fpl$fmul          fz_ws.l(fmul.o)
    0x0800510a   0x0800510a   0x0000008c   Code   RO         3501    x$fpl$fnaninf       fz_ws.l(fnaninf.o)
    0x08005196   0x08005196   0x0000000a   Code   RO         3503    x$fpl$fretinf       fz_ws.l(fretinf.o)
    0x080051a0   0x080051a0   0x000000ea   Code   RO         3427    x$fpl$fsub          fz_ws.l(faddsub_clz.o)
    0x0800528a   0x0800528a   0x00000004   Code   RO         3447    x$fpl$printf1       fz_ws.l(printf1.o)
    0x0800528e   0x0800528e   0x00000064   Code   RO         3588    x$fpl$retnan        fz_ws.l(retnan.o)
    0x080052f2   0x080052f2   0x0000005c   Code   RO         3449    x$fpl$scalbn        fz_ws.l(scalbn.o)
    0x0800534e   0x0800534e   0x00000030   Code   RO         3650    x$fpl$trapveneer    fz_ws.l(trapv.o)
    0x0800537e   0x0800537e   0x00000000   Code   RO         3505    x$fpl$usenofp       fz_ws.l(usenofp.o)
    0x0800537e   0x0800537e   0x00000010   Data   RO         3330    .constdata          system_stm32f1xx.o
    0x0800538e   0x0800538e   0x00000008   Data   RO         3331    .constdata          system_stm32f1xx.o
    0x08005396   0x08005396   0x00000002   PAD
    0x08005398   0x08005398   0x00000098   Data   RO         3453    .constdata          m_ws.l(atan.o)
    0x08005430   0x08005430   0x00000088   Data   RO         3463    .constdata          m_ws.l(pow.o)
    0x080054b8   0x080054b8   0x00000008   Data   RO         3524    .constdata          m_ws.l(qnan.o)
    0x080054c0   0x080054c0   0x00000094   Data   RO         3557    .constdata          c_w.l(bigflt0.o)
    0x08005554   0x08005554   0x00000020   Data   RO         3733    Region$$Table       anon$$obj.o
    0x08005574   0x08005574   0x0000001c   Data   RO         3581    locale$$data        c_w.l(lc_numeric_c.o)


    Execution Region RW_IRAM1 (Exec base: 0x20000000, Load base: 0x08005590, Size: 0x000007a8, Max: 0x00005000, ABSOLUTE)

    Exec Addr    Load Addr    Size         Type   Attr      Idx    E Section Name        Object

    0x20000000   0x08005590   0x0000000c   Data   RW           18    .data               mpu6050.o
    0x2000000c   0x0800559c   0x00000048   Data   RW          173    .data               main.o
    0x20000054   0x080055e4   0x0000000c   Data   RW         1048    .data               stm32f1xx_hal.o
    0x20000060   0x080055f0   0x00000004   Data   RW         3332    .data               system_stm32f1xx.o
    0x20000064        -       0x000000e0   Zero   RW          170    .bss                main.o
    0x20000144        -       0x00000060   Zero   RW         3591    .bss                c_w.l(libspace.o)
    0x200001a4   0x080055f4   0x00000004   PAD
    0x200001a8        -       0x00000200   Zero   RW            2    HEAP                startup_stm32f103xb.o
    0x200003a8        -       0x00000400   Zero   RW            1    STACK               startup_stm32f103xb.o


==============================================================================

Image component sizes


      Code (inc. data)   RO Data    RW Data    ZI Data      Debug   Object Name

      1396        142          0         72        224       7671   main.o
       464         24          0         12          0     435943   mpu6050.o
        64         26        236          0       1536        832   startup_stm32f103xb.o
       164         28          0         12          0       6157   stm32f1xx_hal.o
       198         14          0          0          0      29143   stm32f1xx_hal_cortex.o
       516         40          0          0          0       4164   stm32f1xx_hal_gpio.o
      2262         56          0          0          0      13142   stm32f1xx_hal_i2c.o
       416         66          0          0          0       3703   stm32f1xx_hal_msp.o
      1272        100          0          0          0       5380   stm32f1xx_hal_rcc.o
       902         46          0          0          0       8138   stm32f1xx_hal_tim.o
       104         12          0          0          0       1388   stm32f1xx_hal_tim_ex.o
       560          6          0          0          0       4096   stm32f1xx_hal_uart.o
        28          0          0          0          0       4625   stm32f1xx_it.o
         2          0         24          4          0       1215   system_stm32f1xx.o
       450        122          0          0          0       5691   util.o

    ----------------------------------------------------------------------
      8814        682        294        100       1760     531288   Object Totals
         0          0         32          0          0          0   (incl. Generated)
        16          0          2          0          0          0   (incl. Padding)

    ----------------------------------------------------------------------

      Code (inc. data)   RO Data    RW Data    ZI Data      Debug   Library Member Name

         8          0          0          0          0         68   __main.o
       104          0          0          0          0         84   __printf.o
         0          0          0          0          0          0   __rtentry.o
        12          0          0          0          0          0   __rtentry2.o
         6          0          0          0          0          0   __rtentry4.o
        52          8          0          0          0          0   __scatter.o
        26          0          0          0          0          0   __scatter_copy.o
        28          0          0          0          0          0   __scatter_zi.o
        48          6          0          0          0         96   _printf_char_common.o
         6          0          0          0          0          0   _printf_f.o
      1054          0          0          0          0        216   _printf_fp_dec.o
       128         16          0          0          0         84   _printf_fp_infnan.o
         0          0          0          0          0          0   _printf_percent.o
         4          0          0          0          0          0   _printf_percent_end.o
        22          0          0          0          0        100   _rserrno.o
        10          0          0          0          0         68   _sputc.o
       228          4        148          0          0         96   bigflt0.o
      1936        128          0          0          0        672   btod.o
        18          0          0          0          0         80   exit.o
         6          0          0          0          0        152   heapauxi.o
         0          0          0          0          0          0   indicate_semi.o
        44         10         28          0          0         76   lc_numeric_c.o
         2          0          0          0          0          0   libinit.o
        18          0          0          0          0          0   libinit2.o
         2          0          0          0          0          0   libshutdown.o
         2          0          0          0          0          0   libshutdown2.o
         8          4          0          0         96         68   libspace.o
       138          0          0          0          0         80   lludiv10.o
        40          6          0          0          0         84   noretval__2sprintf.o
         8          4          0          0          0         68   rt_errno_addr_intlibspace.o
         8          4          0          0          0         68   rt_locale_intlibspace.o
        78          0          0          0          0         80   rt_memclr_w.o
         2          0          0          0          0          0   rtexit.o
        10          0          0          0          0          0   rtexit2.o
       128          0          0          0          0         68   strcmpv7m.o
        62          0          0          0          0         76   strlen.o
        12          4          0          0          0         68   sys_exit.o
        74          0          0          0          0         80   sys_stackheap_outer.o
         2          0          0          0          0         68   use_no_semi.o
        98          4          0          0          0         92   d2f.o
       826         16          0          0          0        348   daddsub_clz.o
        16          4          0          0          0         68   dcheck1.o
        24          0          0          0          0         68   dcmpi.o
       688        140          0          0          0        208   ddiv.o
        46          0          0          0          0         68   dflt_clz.o
       120          4          0          0          0         92   dleqf.o
       340         12          0          0          0        104   dmul.o
       156          4          0          0          0         92   dnaninf.o
        12          0          0          0          0         68   dretinf.o
       108          0          0          0          0         80   drleqf.o
       460         56          0          0          0        120   dsqrt_noumaal.o
        86          4          0          0          0         84   f2d.o
       430          8          0          0          0        168   faddsub_clz.o
       388         76          0          0          0         96   fdiv.o
        62          4          0          0          0         84   ffixu.o
        38          0          0          0          0         68   fflt_clz.o
       258          4          0          0          0         84   fmul.o
       140          4          0          0          0         84   fnaninf.o
        10          0          0          0          0         68   fretinf.o
         4          0          0          0          0         68   printf1.o
       100          0          0          0          0         68   retnan.o
        92          0          0          0          0         68   scalbn.o
        48          0          0          0          0         68   trapv.o
         0          0          0          0          0          0   usenofp.o
       544         70        152          0          0        124   atan.o
        68         10          0          0          0        408   dunder.o
        40          0          0          0          0         68   fpclassify.o
       170          0          0          0          0         96   poly.o
      2520        190        136          0          0        324   pow.o
         0          0          8          0          0          0   qnan.o
        76          0          0          0          0         84   sqrt.o

    ----------------------------------------------------------------------
     12324        804        472          0        100       6120   Library Totals
        22          0          0          0          4          0   (incl. Padding)

    ----------------------------------------------------------------------

      Code (inc. data)   RO Data    RW Data    ZI Data      Debug   Library Name

      4334        194        176          0         96       2600   c_w.l
      4550        340          0          0          0       2416   fz_ws.l
      3418        270        296          0          0       1104   m_ws.l

    ----------------------------------------------------------------------
     12324        804        472          0        100       6120   Library Totals

    ----------------------------------------------------------------------

==============================================================================


      Code (inc. data)   RO Data    RW Data    ZI Data      Debug   

     21138       1486        766        100       1860     529968   Grand Totals
     21138       1486        766        100       1860     529968   ELF Image Totals
     21138       1486        766        100          0          0   ROM Totals

==============================================================================

    Total RO  Size (Code + RO Data)                21904 (  21.39kB)
    Total RW  Size (RW Data + ZI Data)              1960 (   1.91kB)
    Total ROM Size (Code + RO Data + RW Data)      22004 (  21.49kB)

==============================================================================

